Component: ARM Compiler 5.06 update 7 (build 960) Tool: armlink [4d3601]

==============================================================================

Section Cross References

    startup_stm32f10x_md.o(STACK) refers (Special) to heapauxi.o(.text) for __use_two_region_memory
    startup_stm32f10x_md.o(HEAP) refers (Special) to heapauxi.o(.text) for __use_two_region_memory
    startup_stm32f10x_md.o(RESET) refers (Special) to heapauxi.o(.text) for __use_two_region_memory
    startup_stm32f10x_md.o(RESET) refers to startup_stm32f10x_md.o(STACK) for __initial_sp
    startup_stm32f10x_md.o(RESET) refers to startup_stm32f10x_md.o(.text) for Reset_Handler
    startup_stm32f10x_md.o(RESET) refers to stm32f10x_it.o(.text) for NMI_Handler
    startup_stm32f10x_md.o(RESET) refers to time.o(.text) for TIM2_IRQHandler
    startup_stm32f10x_md.o(RESET) refers to usart.o(.text) for USART1_IRQHandler
    startup_stm32f10x_md.o(.text) refers (Special) to heapauxi.o(.text) for __use_two_region_memory
    startup_stm32f10x_md.o(.text) refers to system_stm32f10x.o(.text) for SystemInit
    startup_stm32f10x_md.o(.text) refers to __main.o(!!!main) for __main
    startup_stm32f10x_md.o(.text) refers to startup_stm32f10x_md.o(HEAP) for Heap_Mem
    startup_stm32f10x_md.o(.text) refers to startup_stm32f10x_md.o(STACK) for Stack_Mem
    oled.o(.text) refers to stm32f10x_gpio.o(.text) for GPIO_SetBits
    oled.o(.text) refers to oled.o(.constdata) for F8X16
    oled.o(.text) refers to stm32f10x_rcc.o(.text) for RCC_APB2PeriphClockCmd
    oled.o(.text) refers to delay.o(.text) for delay_ms
    bsp_ina226.o(.text) refers to bsp_iic.o(.text) for IIC_Start
    bsp_ina226.o(.text) refers to fflt_clz.o(x$fpl$fflt) for __aeabi_i2f
    bsp_ina226.o(.text) refers to fmul.o(x$fpl$fmul) for __aeabi_fmul
    bsp_ina226.o(.text) refers to fflt_clz.o(x$fpl$ffltu) for __aeabi_ui2f
    bsp_ina226.o(.text) refers to bsp_ina226.o(.bss) for ina226_data
    bsp_iic.o(.text) refers to stm32f10x_rcc.o(.text) for RCC_APB2PeriphClockCmd
    bsp_iic.o(.text) refers to stm32f10x_gpio.o(.text) for GPIO_Init
    bsp_iic.o(.text) refers to delay.o(.text) for delay_us
    led.o(.text) refers to stm32f10x_rcc.o(.text) for RCC_APB2PeriphClockCmd
    led.o(.text) refers to stm32f10x_gpio.o(.text) for GPIO_Init
    key.o(.text) refers to stm32f10x_rcc.o(.text) for RCC_APB2PeriphClockCmd
    key.o(.text) refers to stm32f10x_gpio.o(.text) for GPIO_PinRemapConfig
    key.o(.text) refers to delay.o(.text) for delay_ms
    key.o(.text) refers to key.o(.data) for key_up
    time.o(.text) refers to _printf_pad.o(.text) for _printf_pre_padding
    time.o(.text) refers to _printf_percent.o(.ARM.Collect$$_printf_percent$$00000000) for _printf_percent
    time.o(.text) refers to _printf_d.o(.ARM.Collect$$_printf_percent$$00000009) for _printf_d
    time.o(.text) refers to _printf_dec.o(.text) for _printf_int_dec
    time.o(.text) refers to stm32f10x_rcc.o(.text) for RCC_APB1PeriphClockCmd
    time.o(.text) refers to stm32f10x_tim.o(.text) for TIM_TimeBaseInit
    time.o(.text) refers to misc.o(.text) for NVIC_Init
    time.o(.text) refers to bsp_ina226.o(.text) for get_power
    time.o(.text) refers to fdiv.o(x$fpl$fdiv) for __aeabi_fdiv
    time.o(.text) refers to ffixu.o(x$fpl$ffixu) for __aeabi_f2uiz
    time.o(.text) refers to fflt_clz.o(x$fpl$ffltu) for __aeabi_ui2f
    time.o(.text) refers to faddsub_clz.o(x$fpl$fsub) for __aeabi_fsub
    time.o(.text) refers to fmul.o(x$fpl$fmul) for __aeabi_fmul
    time.o(.text) refers to faddsub_clz.o(x$fpl$frsb) for __aeabi_frsub
    time.o(.text) refers to noretval__2sprintf.o(.text) for __2sprintf
    time.o(.text) refers to oled.o(.text) for OLED_ShowString
    time.o(.text) refers to frleqf.o(x$fpl$frleqf) for __aeabi_cfrcmple
    time.o(.text) refers to faddsub_clz.o(x$fpl$fadd) for __aeabi_fadd
    time.o(.text) refers to bsp_ina226.o(.bss) for ina226_data
    time.o(.text) refers to time.o(.data) for V_int
    time.o(.text) refers to time.o(.bss) for string_V
    stm32f10x_adc.o(.text) refers to stm32f10x_rcc.o(.text) for RCC_APB2PeriphResetCmd
    stm32f10x_bkp.o(.text) refers to stm32f10x_rcc.o(.text) for RCC_BackupResetCmd
    stm32f10x_can.o(.text) refers to stm32f10x_rcc.o(.text) for RCC_APB1PeriphResetCmd
    stm32f10x_cec.o(.text) refers to stm32f10x_rcc.o(.text) for RCC_APB1PeriphResetCmd
    stm32f10x_dac.o(.text) refers to stm32f10x_rcc.o(.text) for RCC_APB1PeriphResetCmd
    stm32f10x_gpio.o(.text) refers to stm32f10x_rcc.o(.text) for RCC_APB2PeriphResetCmd
    stm32f10x_i2c.o(.text) refers to stm32f10x_rcc.o(.text) for RCC_APB1PeriphResetCmd
    stm32f10x_pwr.o(.text) refers to stm32f10x_rcc.o(.text) for RCC_APB1PeriphResetCmd
    stm32f10x_rcc.o(.text) refers to stm32f10x_rcc.o(.data) for APBAHBPrescTable
    stm32f10x_spi.o(.text) refers to stm32f10x_rcc.o(.text) for RCC_APB2PeriphResetCmd
    stm32f10x_tim.o(.text) refers to stm32f10x_rcc.o(.text) for RCC_APB2PeriphResetCmd
[...]
    argv_veneer.o(.emb_text) refers to no_argv.o(.text) for __ARM_get_argv
    _get_argv_nomalloc.o(.text) refers (Special) to hrguard.o(.text) for __heap_region$guard
    _get_argv_nomalloc.o(.text) refers to defsig_rtmem_outer.o(.text) for __rt_SIGRTMEM
    _get_argv_nomalloc.o(.text) refers to sys_command.o(.text) for _sys_command_string
    libshutdown.o(.ARM.Collect$$libshutdown$$00000000) refers (Special) to libshutdown2.o(.ARM.Collect$$libshutdown$$00000004) for __rt_lib_shutdown_cpp_1
    libshutdown.o(.ARM.Collect$$libshutdown$$00000000) refers (Special) to libshutdown2.o(.ARM.Collect$$libshutdown$$00000002) for __rt_lib_shutdown_fini_1
    libshutdown.o(.ARM.Collect$$libshutdown$$00000000) refers (Special) to libshutdown2.o(.ARM.Collect$$libshutdown$$00000009) for __rt_lib_shutdown_fp_trap_1
    libshutdown.o(.ARM.Collect$$libshutdown$$00000000) refers (Special) to libshutdown2.o(.ARM.Collect$$libshutdown$$00000011) for __rt_lib_shutdown_heap_1
    libshutdown.o(.ARM.Collect$$libshutdown$$00000000) refers (Special) to libshutdown2.o(.ARM.Collect$$libshutdown$$00000012) for __rt_lib_shutdown_return
    libshutdown.o(.ARM.Collect$$libshutdown$$00000000) refers (Special) to libshutdown2.o(.ARM.Collect$$libshutdown$$0000000C) for __rt_lib_shutdown_signal_1
    libshutdown.o(.ARM.Collect$$libshutdown$$00000000) refers (Special) to libshutdown2.o(.ARM.Collect$$libshutdown$$00000006) for __rt_lib_shutdown_stdio_1
    libshutdown.o(.ARM.Collect$$libshutdown$$00000000) refers (Special) to libshutdown2.o(.ARM.Collect$$libshutdown$$0000000E) for __rt_lib_shutdown_user_alloc_1
    sys_command.o(.text) refers (Special) to use_no_semi.o(.text) for __I$use$semihosting
    sys_command.o(.text) refers (Special) to indicate_semi.o(.text) for __semihosting_library_function
    defsig_rtmem_outer.o(.text) refers to defsig_rtmem_inner.o(.text) for __rt_SIGRTMEM_inner
    defsig_rtmem_outer.o(.text) refers to defsig_exit.o(.text) for __sig_exit
    defsig_rtmem_formal.o(.text) refers to rt_raise.o(.text) for __rt_raise
    rt_raise.o(.text) refers to __raise.o(.text) for __raise
    rt_raise.o(.text) refers to usart.o(.text) for _sys_exit
    defsig_exit.o(.text) refers to usart.o(.text) for _sys_exit
    defsig_rtmem_inner.o(.text) refers to defsig_general.o(.text) for __default_signal_display
    __raise.o(.text) refers to defsig.o(CL$$defsig) for __default_signal_handler
    defsig_general.o(.text) refers to sys_wrch.o(.text) for _ttywrch
    sys_wrch.o(.text) refers (Special) to use_no_semi.o(.text) for __I$use$semihosting
    sys_wrch.o(.text) refers (Special) to indicate_semi.o(.text) for __semihosting_library_function
    defsig.o(CL$$defsig) refers to defsig_rtmem_inner.o(.text) for __rt_SIGRTMEM_inner
    defsig_abrt_inner.o(.text) refers to defsig_general.o(.text) for __default_signal_display
    defsig_fpe_inner.o(.text) refers to defsig_general.o(.text) for __default_signal_display
    defsig_rtred_inner.o(.text) refers to defsig_general.o(.text) for __default_signal_display
    defsig_stak_inner.o(.text) refers to defsig_general.o(.text) for __default_signal_display
    defsig_pvfn_inner.o(.text) refers to defsig_general.o(.text) for __default_signal_display
    defsig_cppl_inner.o(.text) refers to defsig_general.o(.text) for __default_signal_display
    defsig_segv_inner.o(.text) refers to defsig_general.o(.text) for __default_signal_display
    defsig_other.o(.text) refers to defsig_general.o(.text) for __default_signal_display


==============================================================================

Removing Unused input sections from the image.

    Removing core_cm3.o(.emb_text), (32 bytes).
    Removing led.o(.text), (52 bytes).
    Removing stm32f10x_adc.o(.text), (1102 bytes).
    Removing stm32f10x_bkp.o(.text), (196 bytes).
    Removing stm32f10x_can.o(.text), (2544 bytes).
    Removing stm32f10x_cec.o(.text), (288 bytes).
    Removing stm32f10x_crc.o(.text), (72 bytes).
    Removing stm32f10x_dac.o(.text), (396 bytes).
    Removing stm32f10x_dbgmcu.o(.text), (48 bytes).
    Removing stm32f10x_dma.o(.text), (596 bytes).
    Removing stm32f10x_exti.o(.text), (284 bytes).
    Removing stm32f10x_flash.o(.text), (1468 bytes).
    Removing stm32f10x_fsmc.o(.text), (1548 bytes).
    Removing stm32f10x_i2c.o(.text), (1028 bytes).
    Removing stm32f10x_iwdg.o(.text), (64 bytes).
    Removing stm32f10x_pwr.o(.text), (204 bytes).
    Removing stm32f10x_rtc.o(.text), (328 bytes).
    Removing stm32f10x_sdio.o(.text), (468 bytes).
    Removing stm32f10x_spi.o(.text), (780 bytes).
    Removing stm32f10x_wwdg.o(.text), (136 bytes).
    Removing sys.o(.emb_text), (6 bytes).
    Removing sys.o(.text), (12 bytes).
    Removing main.o(.constdata), (12800 bytes).

23 unused section(s) (total 24452 bytes) removed from the image.

==============================================================================

Image Symbol Table

    Local Symbols

    Symbol Name                              Value     Ov Type        Size  Object(Section)

    ../clib/angel/boardlib.s                 0x00000000   Number         0  boardshut.o ABSOLUTE
    ../clib/angel/boardlib.s                 0x00000000   Number         0  boardinit3.o ABSOLUTE
    ../clib/angel/boardlib.s                 0x00000000   Number         0  boardinit1.o ABSOLUTE
    ../clib/angel/boardlib.s                 0x00000000   Number         0  boardinit2.o ABSOLUTE
    ../clib/angel/handlers.s                 0x00000000   Number         0  __scatter_zi.o ABSOLUTE
    ../clib/angel/handlers.s                 0x00000000   Number         0  __scatter_copy.o ABSOLUTE
    ../clib/angel/kernel.s                   0x00000000   Number         0  __rtentry.o ABSOLUTE
    ../clib/angel/kernel.s                   0x00000000   Number         0  rtexit.o ABSOLUTE
    ../clib/angel/kernel.s                   0x00000000   Number         0  __rtentry4.o ABSOLUTE
    ../clib/angel/kernel.s                   0x00000000   Number         0  rtexit2.o ABSOLUTE
    ../clib/angel/kernel.s                   0x00000000   Number         0  __rtentry2.o ABSOLUTE
    ../clib/angel/rt.s                       0x00000000   Number         0  rt_raise.o ABSOLUTE
    ../clib/angel/scatter.s                  0x00000000   Number         0  __scatter.o ABSOLUTE
    ../clib/angel/startup.s                  0x00000000   Number         0  __main.o ABSOLUTE
    ../clib/angel/sys.s                      0x00000000   Number         0  sys_stackheap_outer.o ABSOLUTE
    ../clib/angel/sys.s                      0x00000000   Number         0  use_no_semi.o ABSOLUTE
    ../clib/angel/sys.s                      0x00000000   Number         0  libspace.o ABSOLUTE
    ../clib/angel/sys.s                      0x00000000   Number         0  indicate_semi.o ABSOLUTE
    ../clib/angel/sys.s                      0x00000000   Number         0  use_no_semi_2.o ABSOLUTE
    ../clib/angel/sysapp.c                   0x00000000   Number         0  sys_command.o ABSOLUTE
    ../clib/angel/sysapp.c                   0x00000000   Number         0  sys_wrch.o ABSOLUTE
    ../clib/armsys.c                         0x00000000   Number         0  argv_veneer.o ABSOLUTE
    ../clib/armsys.c                         0x00000000   Number         0  _get_argv_nomalloc.o ABSOLUTE
    ../clib/armsys.c                         0x00000000   Number         0  argv_veneer.o ABSOLUTE
    ../clib/armsys.c                         0x00000000   Number         0  no_argv.o ABSOLUTE
    ../clib/heapalloc.c                      0x00000000   Number         0  hrguard.o ABSOLUTE
    ../clib/heapaux.c                        0x00000000   Number         0  heapauxi.o ABSOLUTE
    ../clib/libinit.s                        0x00000000   Number         0  libshutdown.o ABSOLUTE
    ../clib/libinit.s                        0x00000000   Number         0  libinit2.o ABSOLUTE
    ../clib/libinit.s                        0x00000000   Number         0  libinit.o ABSOLUTE
    ../clib/libinit.s                        0x00000000   Number         0  libshutdown2.o ABSOLUTE
    ../clib/misc.s                           0x00000000   Number         0  printf_stubs.o ABSOLUTE
    ../clib/printf.c                         0x00000000   Number         0  _printf_intcommon.o ABSOLUTE
    ../clib/printf.c                         0x00000000   Number         0  _printf_char_common.o ABSOLUTE
    ../clib/printf.c                         0x00000000   Number         0  __printf_flags_ss_wp.o ABSOLUTE
    ../clib/printf.c                         0x00000000   Number         0  __printf_ss_wp.o ABSOLUTE
    ../clib/printf.c                         0x00000000   Number         0  _sputc.o ABSOLUTE
    ../clib/printf.c                         0x00000000   Number         0  __printf_flags_wp.o ABSOLUTE
    ../clib/printf.c                         0x00000000   Number         0  _printf_dec.o ABSOLUTE
    ../clib/printf.c                         0x00000000   Number         0  _printf_pad.o ABSOLUTE
    ../clib/printf.c                         0x00000000   Number         0  __printf_ss.o ABSOLUTE
    ../clib/printf.c                         0x00000000   Number         0  __printf.o ABSOLUTE
    ../clib/printf.c                         0x00000000   Number         0  __printf_flags.o ABSOLUTE
    ../clib/printf.c                         0x00000000   Number         0  noretval__2sprintf.o ABSOLUTE
    ../clib/printf.c                         0x00000000   Number         0  __printf_nopercent.o ABSOLUTE
    ../clib/printf.c                         0x00000000   Number         0  __printf_wp.o ABSOLUTE
    ../clib/printf.c                         0x00000000   Number         0  __printf_flags_ss.o ABSOLUTE
    ../clib/printf.c                         0x00000000   Number         0  __2sprintf.o ABSOLUTE
    ../clib/printf_percent.s                 0x00000000   Number         0  _printf_percent.o ABSOLUTE
    ../clib/printf_percent.s                 0x00000000   Number         0  _printf_d.o ABSOLUTE
    ../clib/printf_percent.s                 0x00000000   Number         0  _printf_percent_end.o ABSOLUTE
    ../clib/signal.c                         0x00000000   Number         0  defsig_cppl_inner.o ABSOLUTE
    ../clib/signal.c                         0x00000000   Number         0  defsig_pvfn_inner.o ABSOLUTE
    ../clib/signal.c                         0x00000000   Number         0  defsig_stak_inner.o ABSOLUTE
    ../clib/signal.c                         0x00000000   Number         0  defsig_rtred_inner.o ABSOLUTE
    ../clib/signal.c                         0x00000000   Number         0  defsig_fpe_inner.o ABSOLUTE
    ../clib/signal.c                         0x00000000   Number         0  defsig_abrt_inner.o ABSOLUTE
    ../clib/signal.c                         0x00000000   Number         0  defsig_general.o ABSOLUTE
    ../clib/signal.c                         0x00000000   Number         0  __raise.o ABSOLUTE
    ../clib/signal.c                         0x00000000   Number         0  defsig_exit.o ABSOLUTE
    ../clib/signal.c                         0x00000000   Number         0  defsig_rtmem_outer.o ABSOLUTE
    ../clib/signal.c                         0x00000000   Number         0  defsig_rtmem_inner.o ABSOLUTE
    ../clib/signal.c                         0x00000000   Number         0  defsig_rtmem_formal.o ABSOLUTE
    ../clib/signal.c                         0x00000000   Number         0  defsig_segv_inner.o ABSOLUTE
    ../clib/signal.c                         0x00000000   Number         0  defsig_other.o ABSOLUTE
    ../clib/signal.s                         0x00000000   Number         0  defsig.o ABSOLUTE
    ../clib/stdlib.c                         0x00000000   Number         0  exit.o ABSOLUTE
    ../fplib/faddsub.s                       0x00000000   Number         0  faddsub_clz.o ABSOLUTE
    ../fplib/fcmpi.s                         0x00000000   Number         0  fcmpi.o ABSOLUTE
    ../fplib/fdiv.s                          0x00000000   Number         0  fdiv.o ABSOLUTE
    ../fplib/ffixu.s                         0x00000000   Number         0  ffixu.o ABSOLUTE
    ../fplib/fflt.s                          0x00000000   Number         0  fflt_clz.o ABSOLUTE
    ../fplib/fleqf.s                         0x00000000   Number         0  fleqf.o ABSOLUTE
    ../fplib/fmul.s                          0x00000000   Number         0  fmul.o ABSOLUTE
    ../fplib/fnaninf.s                       0x00000000   Number         0  fnaninf.o ABSOLUTE
    ../fplib/fpinit.s                        0x00000000   Number         0  fpinit.o ABSOLUTE
    ../fplib/fretinf.s                       0x00000000   Number         0  fretinf.o ABSOLUTE
    ../fplib/frleqf.s                        0x00000000   Number         0  frleqf.o ABSOLUTE
    ../fplib/usenofp.s                       0x00000000   Number         0  usenofp.o ABSOLUTE
    ..\CORE\core_cm3.c                       0x00000000   Number         0  core_cm3.o ABSOLUTE
    ..\CORE\startup_stm32f10x_md.s           0x00000000   Number         0  startup_stm32f10x_md.o ABSOLUTE
    ..\HARDWARE\IIC\bsp_iic.c                0x00000000   Number         0  bsp_iic.o ABSOLUTE
    ..\HARDWARE\INA226\bsp_ina226.c          0x00000000   Number         0  bsp_ina226.o ABSOLUTE
    ..\HARDWARE\KEY\key.c                    0x00000000   Number         0  key.o ABSOLUTE
    ..\HARDWARE\LED\led.c                    0x00000000   Number         0  led.o ABSOLUTE
    ..\HARDWARE\OLED\oled.c                  0x00000000   Number         0  oled.o ABSOLUTE
    ..\HARDWARE\TIME23\TIME.c                0x00000000   Number         0  time.o ABSOLUTE
    ..\STM32F10x_FWLib\src\misc.c            0x00000000   Number         0  misc.o ABSOLUTE
    ..\STM32F10x_FWLib\src\stm32f10x_adc.c   0x00000000   Number         0  stm32f10x_adc.o ABSOLUTE
    ..\STM32F10x_FWLib\src\stm32f10x_bkp.c   0x00000000   Number         0  stm32f10x_bkp.o ABSOLUTE
    ..\STM32F10x_FWLib\src\stm32f10x_can.c   0x00000000   Number         0  stm32f10x_can.o ABSOLUTE
    ..\STM32F10x_FWLib\src\stm32f10x_cec.c   0x00000000   Number         0  stm32f10x_cec.o ABSOLUTE
    ..\STM32F10x_FWLib\src\stm32f10x_crc.c   0x00000000   Number         0  stm32f10x_crc.o ABSOLUTE
    ..\STM32F10x_FWLib\src\stm32f10x_dac.c   0x00000000   Number         0  stm32f10x_dac.o ABSOLUTE
    ..\STM32F10x_FWLib\src\stm32f10x_dbgmcu.c 0x00000000   Number         0  stm32f10x_dbgmcu.o ABSOLUTE
    ..\STM32F10x_FWLib\src\stm32f10x_dma.c   0x00000000   Number         0  stm32f10x_dma.o ABSOLUTE
    ..\STM32F10x_FWLib\src\stm32f10x_exti.c  0x00000000   Number         0  stm32f10x_exti.o ABSOLUTE
    ..\STM32F10x_FWLib\src\stm32f10x_flash.c 0x00000000   Number         0  stm32f10x_flash.o ABSOLUTE
    ..\STM32F10x_FWLib\src\stm32f10x_fsmc.c  0x00000000   Number         0  stm32f10x_fsmc.o ABSOLUTE
    ..\STM32F10x_FWLib\src\stm32f10x_gpio.c  0x00000000   Number         0  stm32f10x_gpio.o ABSOLUTE
    ..\STM32F10x_FWLib\src\stm32f10x_i2c.c   0x00000000   Number         0  stm32f10x_i2c.o ABSOLUTE
    ..\STM32F10x_FWLib\src\stm32f10x_iwdg.c  0x00000000   Number         0  stm32f10x_iwdg.o ABSOLUTE
    ..\STM32F10x_FWLib\src\stm32f10x_pwr.c   0x00000000   Number         0  stm32f10x_pwr.o ABSOLUTE
    ..\STM32F10x_FWLib\src\stm32f10x_rcc.c   0x00000000   Number         0  stm32f10x_rcc.o ABSOLUTE
    ..\STM32F10x_FWLib\src\stm32f10x_rtc.c   0x00000000   Number         0  stm32f10x_rtc.o ABSOLUTE
    ..\STM32F10x_FWLib\src\stm32f10x_sdio.c  0x00000000   Number         0  stm32f10x_sdio.o ABSOLUTE
    ..\STM32F10x_FWLib\src\stm32f10x_spi.c   0x00000000   Number         0  stm32f10x_spi.o ABSOLUTE
    ..\STM32F10x_FWLib\src\stm32f10x_tim.c   0x00000000   Number         0  stm32f10x_tim.o ABSOLUTE
    ..\STM32F10x_FWLib\src\stm32f10x_usart.c 0x00000000   Number         0  stm32f10x_usart.o ABSOLUTE
    ..\STM32F10x_FWLib\src\stm32f10x_wwdg.c  0x00000000   Number         0  stm32f10x_wwdg.o ABSOLUTE
    ..\SYSTEM\delay\delay.c                  0x00000000   Number         0  delay.o ABSOLUTE
    ..\SYSTEM\sys\sys.c                      0x00000000   Number         0  sys.o ABSOLUTE
    ..\SYSTEM\usart\usart.c                  0x00000000   Number         0  usart.o ABSOLUTE
    ..\\CORE\\core_cm3.c                     0x00000000   Number         0  core_cm3.o ABSOLUTE
    ..\\SYSTEM\\sys\\sys.c                   0x00000000   Number         0  sys.o ABSOLUTE
    dc.s                                     0x00000000   Number         0  dc.o ABSOLUTE
    main.c                                   0x00000000   Number         0  main.o ABSOLUTE
    stm32f10x_it.c                           0x00000000   Number         0  stm32f10x_it.o ABSOLUTE
    system_stm32f10x.c                       0x00000000   Number         0  system_stm32f10x.o ABSOLUTE
    RESET                                    0x08000000   Section      236  startup_stm32f10x_md.o(RESET)
    !!!main                                  0x080000ec   Section        8  __main.o(!!!main)
    !!!scatter                               0x080000f4   Section       52  __scatter.o(!!!scatter)
    !!handler_copy                           0x08000128   Section       26  __scatter_copy.o(!!handler_copy)
    !!handler_zi                             0x08000144   Section       28  __scatter_zi.o(!!handler_zi)
    .ARM.Collect$$_printf_percent$$00000000  0x08000160   Section        0  _printf_percent.o(.ARM.Collect$$_printf_percent$$00000000)
    .ARM.Collect$$_printf_percent$$00000009  0x08000160   Section        6  _printf_d.o(.ARM.Collect$$_printf_percent$$00000009)
    .ARM.Collect$$_printf_percent$$00000017  0x08000166   Section        4  _printf_percent_end.o(.ARM.Collect$$_printf_percent$$00000017)
    .ARM.Collect$$libinit$$00000000          0x0800016a   Section        2  libinit.o(.ARM.Collect$$libinit$$00000000)
    .ARM.Collect$$libinit$$00000002          0x0800016c   Section        0  libinit2.o(.ARM.Collect$$libinit$$00000002)
    .ARM.Collect$$libinit$$00000004          0x0800016c   Section        0  libinit2.o(.ARM.Collect$$libinit$$00000004)
    .ARM.Collect$$libinit$$0000000A          0x0800016c   Section        0  libinit2.o(.ARM.Collect$$libinit$$0000000A)
    .ARM.Collect$$libinit$$0000000C          0x0800016c   Section        0  libinit2.o(.ARM.Collect$$libinit$$0000000C)
    .ARM.Collect$$libinit$$0000000E          0x0800016c   Section        0  libinit2.o(.ARM.Collect$$libinit$$0000000E)
    .ARM.Collect$$libinit$$00000011          0x0800016c   Section        0  libinit2.o(.ARM.Collect$$libinit$$00000011)
    .ARM.Collect$$libinit$$00000013          0x0800016c   Section        0  libinit2.o(.ARM.Collect$$libinit$$00000013)
    .ARM.Collect$$libinit$$00000015          0x0800016c   Section        0  libinit2.o(.ARM.Collect$$libinit$$00000015)
    .ARM.Collect$$libinit$$00000017          0x0800016c   Section        0  libinit2.o(.ARM.Collect$$libinit$$00000017)
    .ARM.Collect$$libinit$$00000019          0x0800016c   Section        0  libinit2.o(.ARM.Collect$$libinit$$00000019)
    .ARM.Collect$$libinit$$0000001B          0x0800016c   Section        0  libinit2.o(.ARM.Collect$$libinit$$0000001B)
    .ARM.Collect$$libinit$$0000001D          0x0800016c   Section        0  libinit2.o(.ARM.Collect$$libinit$$0000001D)
    .ARM.Collect$$libinit$$0000001F          0x0800016c   Section        0  libinit2.o(.ARM.Collect$$libinit$$0000001F)
    .ARM.Collect$$libinit$$00000021          0x0800016c   Section        0  libinit2.o(.ARM.Collect$$libinit$$00000021)
    .ARM.Collect$$libinit$$00000023          0x0800016c   Section        0  libinit2.o(.ARM.Collect$$libinit$$00000023)
    .ARM.Collect$$libinit$$00000025          0x0800016c   Section        0  libinit2.o(.ARM.Collect$$libinit$$00000025)
    .ARM.Collect$$libinit$$0000002C          0x0800016c   Section        0  libinit2.o(.ARM.Collect$$libinit$$0000002C)
    .ARM.Collect$$libinit$$0000002E          0x0800016c   Section        0  libinit2.o(.ARM.Collect$$libinit$$0000002E)
    .ARM.Collect$$libinit$$00000030          0x0800016c   Section        0  libinit2.o(.ARM.Collect$$libinit$$00000030)
    .ARM.Collect$$libinit$$00000032          0x0800016c   Section        0  libinit2.o(.ARM.Collect$$libinit$$00000032)
    .ARM.Collect$$libinit$$00000033          0x0800016c   Section        2  libinit2.o(.ARM.Collect$$libinit$$00000033)
    .ARM.Collect$$libshutdown$$00000000      0x0800016e   Section        2  libshutdown.o(.ARM.Collect$$libshutdown$$00000000)
    .ARM.Collect$$libshutdown$$00000002      0x08000170   Section        0  libshutdown2.o(.ARM.Collect$$libshutdown$$00000002)
    .ARM.Collect$$libshutdown$$00000004      0x08000170   Section        0  libshutdown2.o(.ARM.Collect$$libshutdown$$00000004)
    .ARM.Collect$$libshutdown$$00000006      0x08000170   Section        0  libshutdown2.o(.ARM.Collect$$libshutdown$$00000006)
    .ARM.Collect$$libshutdown$$00000009      0x08000170   Section        0  libshutdown2.o(.ARM.Collect$$libshutdown$$00000009)
    .ARM.Collect$$libshutdown$$0000000C      0x08000170   Section        0  libshutdown2.o(.ARM.Collect$$libshutdown$$0000000C)
    .ARM.Collect$$libshutdown$$0000000E      0x08000170   Section        0  libshutdown2.o(.ARM.Collect$$libshutdown$$0000000E)
    .ARM.Collect$$libshutdown$$00000011      0x08000170   Section        0  libshutdown2.o(.ARM.Collect$$libshutdown$$00000011)
    .ARM.Collect$$libshutdown$$00000012      0x08000170   Section        2  libshutdown2.o(.ARM.Collect$$libshutdown$$00000012)
    .ARM.Collect$$rtentry$$00000000          0x08000172   Section        0  __rtentry.o(.ARM.Collect$$rtentry$$00000000)
    .ARM.Collect$$rtentry$$00000002          0x08000172   Section        0  __rtentry2.o(.ARM.Collect$$rtentry$$00000002)
    .ARM.Collect$$rtentry$$00000004          0x08000172   Section        6  __rtentry4.o(.ARM.Collect$$rtentry$$00000004)
    .ARM.Collect$$rtentry$$00000009          0x08000178   Section        0  __rtentry2.o(.ARM.Collect$$rtentry$$00000009)
    .ARM.Collect$$rtentry$$0000000A          0x08000178   Section        4  __rtentry2.o(.ARM.Collect$$rtentry$$0000000A)
    .ARM.Collect$$rtentry$$0000000C          0x0800017c   Section        0  __rtentry2.o(.ARM.Collect$$rtentry$$0000000C)
    .ARM.Collect$$rtentry$$0000000D          0x0800017c   Section        8  __rtentry2.o(.ARM.Collect$$rtentry$$0000000D)
    .ARM.Collect$$rtexit$$00000000           0x08000184   Section        2  rtexit.o(.ARM.Collect$$rtexit$$00000000)
    .ARM.Collect$$rtexit$$00000002           0x08000186   Section        0  rtexit2.o(.ARM.Collect$$rtexit$$00000002)
    .ARM.Collect$$rtexit$$00000003           0x08000186   Section        4  rtexit2.o(.ARM.Collect$$rtexit$$00000003)
    .ARM.Collect$$rtexit$$00000004           0x0800018a   Section        6  rtexit2.o(.ARM.Collect$$rtexit$$00000004)
    .text                                    0x08000190   Section       64  startup_stm32f10x_md.o(.text)
    .text                                    0x080001d0   Section        0  oled.o(.text)
    .text                                    0x080007dc   Section        0  bsp_ina226.o(.text)
    .text                                    0x08000a18   Section        0  bsp_iic.o(.text)
    .text                                    0x08000c84   Section        0  key.o(.text)
    .text                                    0x08000d74   Section        0  time.o(.text)
    .text                                    0x080010f0   Section        0  misc.o(.text)
    .text                                    0x080011cc   Section        0  stm32f10x_gpio.o(.text)
    .text                                    0x08001528   Section        0  stm32f10x_rcc.o(.text)
    .text                                    0x080018cc   Section        0  stm32f10x_tim.o(.text)
    TI4_Config                               0x08001d73   Thumb Code   130  stm32f10x_tim.o(.text)
    TI3_Config                               0x08001e07   Thumb Code   122  stm32f10x_tim.o(.text)
    TI2_Config                               0x08001e9b   Thumb Code   130  stm32f10x_tim.o(.text)
    TI1_Config                               0x08001f2f   Thumb Code   108  stm32f10x_tim.o(.text)
    .text                                    0x080026e8   Section        0  stm32f10x_usart.o(.text)
    .text                                    0x08002af0   Section        0  delay.o(.text)
    .text                                    0x08002bc4   Section        0  usart.o(.text)
    .text                                    0x08002d04   Section        0  stm32f10x_it.o(.text)
    .text                                    0x08002d20   Section        0  system_stm32f10x.o(.text)
    SetSysClockTo72                          0x08002d21   Thumb Code   214  system_stm32f10x.o(.text)
    SetSysClock                              0x08002df7   Thumb Code     8  system_stm32f10x.o(.text)
    .text                                    0x08002f00   Section        0  main.o(.text)
    .text                                    0x08002f3c   Section        2  use_no_semi_2.o(.text)
    .text                                    0x08002f40   Section        0  noretval__2sprintf.o(.text)
    .text                                    0x08002f68   Section        0  _printf_pad.o(.text)
    .text                                    0x08002fb8   Section        0  _printf_dec.o(.text)
    .text                                    0x08003030   Section        0  __printf_flags_wp.o(.text)
    .text                                    0x08003168   Section        0  heapauxi.o(.text)
    .text                                    0x0800316e   Section        2  use_no_semi.o(.text)
    .text                                    0x08003170   Section        0  _printf_intcommon.o(.text)
    .text                                    0x08003224   Section        0  _printf_char_common.o(.text)
    _printf_input_char                       0x08003225   Thumb Code    10  _printf_char_common.o(.text)
    .text                                    0x08003254   Section        0  _sputc.o(.text)
    .text                                    0x0800325e   Section       74  sys_stackheap_outer.o(.text)
    .text                                    0x080032a8   Section        0  exit.o(.text)
    .text                                    0x080032bc   Section        8  libspace.o(.text)
    i._is_digit                              0x080032c4   Section        0  __printf_wp.o(i._is_digit)
    x$fpl$fadd                               0x080032d4   Section      196  faddsub_clz.o(x$fpl$fadd)
    _fadd1                                   0x080032e3   Thumb Code     0  faddsub_clz.o(x$fpl$fadd)
    x$fpl$fcmpinf                            0x08003398   Section       24  fcmpi.o(x$fpl$fcmpinf)
    x$fpl$fdiv                               0x080033b0   Section      388  fdiv.o(x$fpl$fdiv)
    _fdiv1                                   0x080033b1   Thumb Code     0  fdiv.o(x$fpl$fdiv)
    x$fpl$ffixu                              0x08003534   Section       62  ffixu.o(x$fpl$ffixu)
    x$fpl$fflt                               0x08003574   Section       48  fflt_clz.o(x$fpl$fflt)
    x$fpl$ffltu                              0x080035a4   Section       38  fflt_clz.o(x$fpl$ffltu)
    x$fpl$fleqf                              0x080035cc   Section      104  fleqf.o(x$fpl$fleqf)
    x$fpl$fmul                               0x08003634   Section      258  fmul.o(x$fpl$fmul)
    x$fpl$fnaninf                            0x08003736   Section      140  fnaninf.o(x$fpl$fnaninf)
    x$fpl$fretinf                            0x080037c2   Section       10  fretinf.o(x$fpl$fretinf)
    x$fpl$frleqf                             0x080037cc   Section       98  frleqf.o(x$fpl$frleqf)
    x$fpl$frsb                               0x0800382e   Section       20  faddsub_clz.o(x$fpl$frsb)
    x$fpl$fsub                               0x08003844   Section      234  faddsub_clz.o(x$fpl$fsub)
    _fsub1                                   0x08003853   Thumb Code     0  faddsub_clz.o(x$fpl$fsub)
    .constdata                               0x0800392e   Section    11180  oled.o(.constdata)
    x$fpl$usenofp                            0x0800392e   Section        0  usenofp.o(x$fpl$usenofp)
    .constdata                               0x080064da   Section       17  __printf_flags_wp.o(.constdata)
    maptable                                 0x080064da   Data          17  __printf_flags_wp.o(.constdata)
    .data                                    0x20000000   Section        1  key.o(.data)
    key_up                                   0x20000000   Data           1  key.o(.data)
    .data                                    0x20000004   Section       32  time.o(.data)
    time_num                                 0x20000010   Data           1  time.o(.data)
    All_Sec                                  0x20000014   Data           4  time.o(.data)
    Hour                                     0x20000018   Data           1  time.o(.data)
    Min                                      0x20000019   Data           1  time.o(.data)
    Sec                                      0x2000001a   Data           1  time.o(.data)
    mAh                                      0x2000001c   Data           4  time.o(.data)
    Wh                                       0x20000020   Data           4  time.o(.data)
    .data                                    0x20000024   Section       20  stm32f10x_rcc.o(.data)
    APBAHBPrescTable                         0x20000024   Data          16  stm32f10x_rcc.o(.data)
    ADCPrescTable                            0x20000034   Data           4  stm32f10x_rcc.o(.data)
    .data                                    0x20000038   Section        4  delay.o(.data)
    fac_us                                   0x20000038   Data           1  delay.o(.data)
    fac_ms                                   0x2000003a   Data           2  delay.o(.data)
    .data                                    0x2000003c   Section        6  usart.o(.data)
    .data                                    0x20000044   Section       20  system_stm32f10x.o(.data)
    .bss                                     0x20000058   Section       24  bsp_ina226.o(.bss)
    .bss                                     0x20000070   Section      120  time.o(.bss)
    .bss                                     0x200000e8   Section      200  usart.o(.bss)
    .bss                                     0x200001b0   Section       96  libspace.o(.bss)
    HEAP                                     0x20000210   Section      512  startup_stm32f10x_md.o(HEAP)
    Heap_Mem                                 0x20000210   Data         512  startup_stm32f10x_md.o(HEAP)
    STACK                                    0x20000410   Section     1024  startup_stm32f10x_md.o(STACK)
    Stack_Mem                                0x20000410   Data        1024  startup_stm32f10x_md.o(STACK)
    __initial_sp                             0x20000810   Data           0  startup_stm32f10x_md.o(STACK)

    Global Symbols

    Symbol Name                              Value     Ov Type        Size  Object(Section)

    BuildAttributes$$THM_ISAv4$P$D$K$B$S$PE$A:L22UL41UL21$X:L11$S22US41US21$IEEE1$IW$USESV6$~STKCKD$USESV7$~SHL$OSPACE$ROPI$EBA8$UX$STANDARDLIB$REQ8$PRES8$EABIv2 0x00000000   Number         0  anon$$obj.o ABSOLUTE
    __ARM_use_no_argv                        0x00000000   Number         0  main.o ABSOLUTE
    _printf_flags                            0x00000000   Number         0  printf_stubs.o ABSOLUTE
    _printf_return_value                     0x00000000   Number         0  printf_stubs.o ABSOLUTE
    _printf_sizespec                         0x00000000   Number         0  printf_stubs.o ABSOLUTE
    _printf_widthprec                        0x00000000   Number         0  printf_stubs.o ABSOLUTE
    __ARM_exceptions_init                     - Undefined Weak Reference
    __alloca_initialize                       - Undefined Weak Reference
    __arm_fini_                               - Undefined Weak Reference
    __arm_preinit_                            - Undefined Weak Reference
    __cpp_initialize__aeabi_                  - Undefined Weak Reference
    __cxa_finalize                            - Undefined Weak Reference
    __rt_locale                               - Undefined Weak Reference
    __sigvec_lookup                           - Undefined Weak Reference
    _atexit_init                              - Undefined Weak Reference
    _call_atexit_fns                          - Undefined Weak Reference
    _clock_init                               - Undefined Weak Reference
    _fp_trap_init                             - Undefined Weak Reference
    _fp_trap_shutdown                         - Undefined Weak Reference
    _get_lc_collate                           - Undefined Weak Reference
    _get_lc_ctype                             - Undefined Weak Reference
    _get_lc_monetary                          - Undefined Weak Reference
    _get_lc_numeric                           - Undefined Weak Reference
    _get_lc_time                              - Undefined Weak Reference
    _getenv_init                              - Undefined Weak Reference
    _handle_redirection                       - Undefined Weak Reference
    _init_alloc                               - Undefined Weak Reference
    _init_user_alloc                          - Undefined Weak Reference
    _initio                                   - Undefined Weak Reference
    _printf_truncate_signed                   - Undefined Weak Reference
    _printf_truncate_unsigned                 - Undefined Weak Reference
    _rand_init                                - Undefined Weak Reference
    _signal_finish                            - Undefined Weak Reference
    _signal_init                              - Undefined Weak Reference
    _terminate_alloc                          - Undefined Weak Reference
    _terminate_user_alloc                     - Undefined Weak Reference
    _terminateio                              - Undefined Weak Reference
    __Vectors_Size                           0x000000ec   Number         0  startup_stm32f10x_md.o ABSOLUTE
    __Vectors                                0x08000000   Data           4  startup_stm32f10x_md.o(RESET)
    __Vectors_End                            0x080000ec   Data           0  startup_stm32f10x_md.o(RESET)
    __main                                   0x080000ed   Thumb Code     8  __main.o(!!!main)
    __scatterload                            0x080000f5   Thumb Code     0  __scatter.o(!!!scatter)
    __scatterload_rt2                        0x080000f5   Thumb Code    44  __scatter.o(!!!scatter)
    __scatterload_rt2_thumb_only             0x080000f5   Thumb Code     0  __scatter.o(!!!scatter)
    __scatterload_null                       0x08000103   Thumb Code     0  __scatter.o(!!!scatter)
    __scatterload_copy                       0x08000129   Thumb Code    26  __scatter_copy.o(!!handler_copy)
    __scatterload_zeroinit                   0x08000145   Thumb Code    28  __scatter_zi.o(!!handler_zi)
    _printf_d                                0x08000161   Thumb Code     0  _printf_d.o(.ARM.Collect$$_printf_percent$$00000009)
    _printf_percent                          0x08000161   Thumb Code     0  _printf_percent.o(.ARM.Collect$$_printf_percent$$00000000)
    _printf_percent_end                      0x08000167   Thumb Code     0  _printf_percent_end.o(.ARM.Collect$$_printf_percent$$00000017)
    __rt_lib_init                            0x0800016b   Thumb Code     0  libinit.o(.ARM.Collect$$libinit$$00000000)
    __rt_lib_init_alloca_1                   0x0800016d   Thumb Code     0  libinit2.o(.ARM.Collect$$libinit$$0000002E)
    __rt_lib_init_argv_1                     0x0800016d   Thumb Code     0  libinit2.o(.ARM.Collect$$libinit$$0000002C)
    __rt_lib_init_atexit_1                   0x0800016d   Thumb Code     0  libinit2.o(.ARM.Collect$$libinit$$0000001B)
    __rt_lib_init_clock_1                    0x0800016d   Thumb Code     0  libinit2.o(.ARM.Collect$$libinit$$00000021)
    __rt_lib_init_cpp_1                      0x0800016d   Thumb Code     0  libinit2.o(.ARM.Collect$$libinit$$00000032)
    __rt_lib_init_exceptions_1               0x0800016d   Thumb Code     0  libinit2.o(.ARM.Collect$$libinit$$00000030)
    __rt_lib_init_fp_1                       0x0800016d   Thumb Code     0  libinit2.o(.ARM.Collect$$libinit$$00000002)
    __rt_lib_init_fp_trap_1                  0x0800016d   Thumb Code     0  libinit2.o(.ARM.Collect$$libinit$$0000001F)
    __rt_lib_init_getenv_1                   0x0800016d   Thumb Code     0  libinit2.o(.ARM.Collect$$libinit$$00000023)
    __rt_lib_init_heap_1                     0x0800016d   Thumb Code     0  libinit2.o(.ARM.Collect$$libinit$$0000000A)
    __rt_lib_init_lc_collate_1               0x0800016d   Thumb Code     0  libinit2.o(.ARM.Collect$$libinit$$00000011)
    __rt_lib_init_lc_ctype_1                 0x0800016d   Thumb Code     0  libinit2.o(.ARM.Collect$$libinit$$00000013)
    __rt_lib_init_lc_monetary_1              0x0800016d   Thumb Code     0  libinit2.o(.ARM.Collect$$libinit$$00000015)
    __rt_lib_init_lc_numeric_1               0x0800016d   Thumb Code     0  libinit2.o(.ARM.Collect$$libinit$$00000017)
    __rt_lib_init_lc_time_1                  0x0800016d   Thumb Code     0  libinit2.o(.ARM.Collect$$libinit$$00000019)
    __rt_lib_init_preinit_1                  0x0800016d   Thumb Code     0  libinit2.o(.ARM.Collect$$libinit$$00000004)
    __rt_lib_init_rand_1                     0x0800016d   Thumb Code     0  libinit2.o(.ARM.Collect$$libinit$$0000000E)
    __rt_lib_init_return                     0x0800016d   Thumb Code     0  libinit2.o(.ARM.Collect$$libinit$$00000033)
    __rt_lib_init_signal_1                   0x0800016d   Thumb Code     0  libinit2.o(.ARM.Collect$$libinit$$0000001D)
    __rt_lib_init_stdio_1                    0x0800016d   Thumb Code     0  libinit2.o(.ARM.Collect$$libinit$$00000025)
    __rt_lib_init_user_alloc_1               0x0800016d   Thumb Code     0  libinit2.o(.ARM.Collect$$libinit$$0000000C)
    __rt_lib_shutdown                        0x0800016f   Thumb Code     0  libshutdown.o(.ARM.Collect$$libshutdown$$00000000)
    __rt_lib_shutdown_cpp_1                  0x08000171   Thumb Code     0  libshutdown2.o(.ARM.Collect$$libshutdown$$00000004)
    __rt_lib_shutdown_fini_1                 0x08000171   Thumb Code     0  libshutdown2.o(.ARM.Collect$$libshutdown$$00000002)
    __rt_lib_shutdown_fp_trap_1              0x08000171   Thumb Code     0  libshutdown2.o(.ARM.Collect$$libshutdown$$00000009)
    __rt_lib_shutdown_heap_1                 0x08000171   Thumb Code     0  libshutdown2.o(.ARM.Collect$$libshutdown$$00000011)
    __rt_lib_shutdown_return                 0x08000171   Thumb Code     0  libshutdown2.o(.ARM.Collect$$libshutdown$$00000012)
    __rt_lib_shutdown_signal_1               0x08000171   Thumb Code     0  libshutdown2.o(.ARM.Collect$$libshutdown$$0000000C)
    __rt_lib_shutdown_stdio_1                0x08000171   Thumb Code     0  libshutdown2.o(.ARM.Collect$$libshutdown$$00000006)
    __rt_lib_shutdown_user_alloc_1           0x08000171   Thumb Code     0  libshutdown2.o(.ARM.Collect$$libshutdown$$0000000E)
    __rt_entry                               0x08000173   Thumb Code     0  __rtentry.o(.ARM.Collect$$rtentry$$00000000)
    __rt_entry_presh_1                       0x08000173   Thumb Code     0  __rtentry2.o(.ARM.Collect$$rtentry$$00000002)
    __rt_entry_sh                            0x08000173   Thumb Code     0  __rtentry4.o(.ARM.Collect$$rtentry$$00000004)
    __rt_entry_li                            0x08000179   Thumb Code     0  __rtentry2.o(.ARM.Collect$$rtentry$$0000000A)
    __rt_entry_postsh_1                      0x08000179   Thumb Code     0  __rtentry2.o(.ARM.Collect$$rtentry$$00000009)
    __rt_entry_main                          0x0800017d   Thumb Code     0  __rtentry2.o(.ARM.Collect$$rtentry$$0000000D)
    __rt_entry_postli_1                      0x0800017d   Thumb Code     0  __rtentry2.o(.ARM.Collect$$rtentry$$0000000C)
    __rt_exit                                0x08000185   Thumb Code     0  rtexit.o(.ARM.Collect$$rtexit$$00000000)
    __rt_exit_ls                             0x08000187   Thumb Code     0  rtexit2.o(.ARM.Collect$$rtexit$$00000003)
    __rt_exit_prels_1                        0x08000187   Thumb Code     0  rtexit2.o(.ARM.Collect$$rtexit$$00000002)
    __rt_exit_exit                           0x0800018b   Thumb Code     0  rtexit2.o(.ARM.Collect$$rtexit$$00000004)
    Reset_Handler                            0x08000191   Thumb Code     8  startup_stm32f10x_md.o(.text)
    ADC1_2_IRQHandler                        0x080001ab   Thumb Code     0  startup_stm32f10x_md.o(.text)
    CAN1_RX1_IRQHandler                      0x080001ab   Thumb Code     0  startup_stm32f10x_md.o(.text)
    CAN1_SCE_IRQHandler                      0x080001ab   Thumb Code     0  startup_stm32f10x_md.o(.text)
    DMA1_Channel1_IRQHandler                 0x080001ab   Thumb Code     0  startup_stm32f10x_md.o(.text)
    DMA1_Channel2_IRQHandler                 0x080001ab   Thumb Code     0  startup_stm32f10x_md.o(.text)
    DMA1_Channel3_IRQHandler                 0x080001ab   Thumb Code     0  startup_stm32f10x_md.o(.text)
    DMA1_Channel4_IRQHandler                 0x080001ab   Thumb Code     0  startup_stm32f10x_md.o(.text)
    DMA1_Channel5_IRQHandler                 0x080001ab   Thumb Code     0  startup_stm32f10x_md.o(.text)
    DMA1_Channel6_IRQHandler                 0x080001ab   Thumb Code     0  startup_stm32f10x_md.o(.text)
    DMA1_Channel7_IRQHandler                 0x080001ab   Thumb Code     0  startup_stm32f10x_md.o(.text)
    EXTI0_IRQHandler                         0x080001ab   Thumb Code     0  startup_stm32f10x_md.o(.text)
    EXTI15_10_IRQHandler                     0x080001ab   Thumb Code     0  startup_stm32f10x_md.o(.text)
    EXTI1_IRQHandler                         0x080001ab   Thumb Code     0  startup_stm32f10x_md.o(.text)
    EXTI2_IRQHandler                         0x080001ab   Thumb Code     0  startup_stm32f10x_md.o(.text)
    EXTI3_IRQHandler                         0x080001ab   Thumb Code     0  startup_stm32f10x_md.o(.text)
    EXTI4_IRQHandler                         0x080001ab   Thumb Code     0  startup_stm32f10x_md.o(.text)
    EXTI9_5_IRQHandler                       0x080001ab   Thumb Code     0  startup_stm32f10x_md.o(.text)
    FLASH_IRQHandler                         0x080001ab   Thumb Code     0  startup_stm32f10x_md.o(.text)
    I2C1_ER_IRQHandler                       0x080001ab   Thumb Code     0  startup_stm32f10x_md.o(.text)
    I2C1_EV_IRQHandler                       0x080001ab   Thumb Code     0  startup_stm32f10x_md.o(.text)
    I2C2_ER_IRQHandler                       0x080001ab   Thumb Code     0  startup_stm32f10x_md.o(.text)
    I2C2_EV_IRQHandler                       0x080001ab   Thumb Code     0  startup_stm32f10x_md.o(.text)
    PVD_IRQHandler                           0x080001ab   Thumb Code     0  startup_stm32f10x_md.o(.text)
    RCC_IRQHandler                           0x080001ab   Thumb Code     0  startup_stm32f10x_md.o(.text)
    RTCAlarm_IRQHandler                      0x080001ab   Thumb Code     0  startup_stm32f10x_md.o(.text)
    RTC_IRQHandler                           0x080001ab   Thumb Code     0  startup_stm32f10x_md.o(.text)
    SPI1_IRQHandler                          0x080001ab   Thumb Code     0  startup_stm32f10x_md.o(.text)
    SPI2_IRQHandler                          0x080001ab   Thumb Code     0  startup_stm32f10x_md.o(.text)
    TAMPER_IRQHandler                        0x080001ab   Thumb Code     0  startup_stm32f10x_md.o(.text)
    TIM1_BRK_IRQHandler                      0x080001ab   Thumb Code     0  startup_stm32f10x_md.o(.text)
    TIM1_CC_IRQHandler                       0x080001ab   Thumb Code     0  startup_stm32f10x_md.o(.text)
    TIM1_TRG_COM_IRQHandler                  0x080001ab   Thumb Code     0  startup_stm32f10x_md.o(.text)
    TIM1_UP_IRQHandler                       0x080001ab   Thumb Code     0  startup_stm32f10x_md.o(.text)
    TIM3_IRQHandler                          0x080001ab   Thumb Code     0  startup_stm32f10x_md.o(.text)
    TIM4_IRQHandler                          0x080001ab   Thumb Code     0  startup_stm32f10x_md.o(.text)
    USART2_IRQHandler                        0x080001ab   Thumb Code     0  startup_stm32f10x_md.o(.text)
    USART3_IRQHandler                        0x080001ab   Thumb Code     0  startup_stm32f10x_md.o(.text)
    USBWakeUp_IRQHandler                     0x080001ab   Thumb Code     0  startup_stm32f10x_md.o(.text)
    USB_HP_CAN1_TX_IRQHandler                0x080001ab   Thumb Code     0  startup_stm32f10x_md.o(.text)
    USB_LP_CAN1_RX0_IRQHandler               0x080001ab   Thumb Code     0  startup_stm32f10x_md.o(.text)
    WWDG_IRQHandler                          0x080001ab   Thumb Code     0  startup_stm32f10x_md.o(.text)
    __user_initial_stackheap                 0x080001ad   Thumb Code     0  startup_stm32f10x_md.o(.text)
    OLED_WR_Byte                             0x080001d1   Thumb Code   108  oled.o(.text)
    Column_Address                           0x0800023d   Thumb Code    32  oled.o(.text)
    Row_Address                              0x0800025d   Thumb Code    32  oled.o(.text)
    OLED_Clear                               0x0800027d   Thumb Code   110  oled.o(.text)
    OLED_ShowChar                            0x080002eb   Thumb Code   380  oled.o(.text)
    OLED_ShowString                          0x08000467   Thumb Code    50  oled.o(.text)
    oled_pow                                 0x08000499   Thumb Code    22  oled.o(.text)
    OLED_ShowNum                             0x080004af   Thumb Code   136  oled.o(.text)
    OLED_ShowChinese                         0x08000537   Thumb Code   246  oled.o(.text)
    OLED_DrawBMP                             0x0800062d   Thumb Code    96  oled.o(.text)
    Init_ssd1327                             0x0800068d   Thumb Code   326  oled.o(.text)
    INA226_ReadData                          0x080007dd   Thumb Code    54  bsp_ina226.o(.text)
    INA226_SetRegPointer                     0x08000813   Thumb Code    36  bsp_ina226.o(.text)
    INA226_Get_ID                            0x08000837   Thumb Code    28  bsp_ina226.o(.text)
    INA226_SendData                          0x08000853   Thumb Code    68  bsp_ina226.o(.text)
    mx_ina226_init                           0x08000897   Thumb Code    46  bsp_ina226.o(.text)
    INA226_GET_CAL_REG                       0x080008c5   Thumb Code    26  bsp_ina226.o(.text)
    INA226_GetShuntVoltage                   0x080008df   Thumb Code    26  bsp_ina226.o(.text)
    INA226_GetVoltage                        0x080008f9   Thumb Code    26  bsp_ina226.o(.text)
    INA226_Get_Power                         0x08000913   Thumb Code    26  bsp_ina226.o(.text)
    INA226_GetShunt_Current                  0x0800092d   Thumb Code    26  bsp_ina226.o(.text)
    Get_Shunt_voltage                        0x08000947   Thumb Code    28  bsp_ina226.o(.text)
    GetVoltage                               0x08000963   Thumb Code    28  bsp_ina226.o(.text)
    Get_Power                                0x0800097f   Thumb Code    38  bsp_ina226.o(.text)
    Get_Shunt_Current                        0x080009a5   Thumb Code    30  bsp_ina226.o(.text)
    get_power                                0x080009c3   Thumb Code    68  bsp_ina226.o(.text)
    mx_iic_init                              0x08000a19   Thumb Code    46  bsp_iic.o(.text)
    IIC_Start                                0x08000a47   Thumb Code    64  bsp_iic.o(.text)
    IIC_Stop                                 0x08000a87   Thumb Code    66  bsp_iic.o(.text)
    IIC_Wait_Ack                             0x08000ac9   Thumb Code    86  bsp_iic.o(.text)
    IIC_Ack                                  0x08000b1f   Thumb Code    70  bsp_iic.o(.text)
    IIC_NAck                                 0x08000b65   Thumb Code    70  bsp_iic.o(.text)
    IIC_Send_Byte                            0x08000bab   Thumb Code   104  bsp_iic.o(.text)
    IIC_Read_Byte                            0x08000c13   Thumb Code   100  bsp_iic.o(.text)
    KEY_Init                                 0x08000c85   Thumb Code    80  key.o(.text)
    KEY_Scan                                 0x08000cd5   Thumb Code   146  key.o(.text)
    TIM2_Getsample_Int                       0x08000d75   Thumb Code    92  time.o(.text)
    TIM2_IRQHandler                          0x08000dd1   Thumb Code   624  time.o(.text)
    NVIC_PriorityGroupConfig                 0x080010f1   Thumb Code    10  misc.o(.text)
    NVIC_Init                                0x080010fb   Thumb Code   100  misc.o(.text)
    NVIC_SetVectorTable                      0x0800115f   Thumb Code    14  misc.o(.text)
    NVIC_SystemLPConfig                      0x0800116d   Thumb Code    34  misc.o(.text)
    SysTick_CLKSourceConfig                  0x0800118f   Thumb Code    40  misc.o(.text)
    GPIO_DeInit                              0x080011cd   Thumb Code   172  stm32f10x_gpio.o(.text)
    GPIO_AFIODeInit                          0x08001279   Thumb Code    20  stm32f10x_gpio.o(.text)
    GPIO_Init                                0x0800128d   Thumb Code   278  stm32f10x_gpio.o(.text)
    GPIO_StructInit                          0x080013a3   Thumb Code    16  stm32f10x_gpio.o(.text)
    GPIO_ReadInputDataBit                    0x080013b3   Thumb Code    18  stm32f10x_gpio.o(.text)
    GPIO_ReadInputData                       0x080013c5   Thumb Code     8  stm32f10x_gpio.o(.text)
    GPIO_ReadOutputDataBit                   0x080013cd   Thumb Code    18  stm32f10x_gpio.o(.text)
    GPIO_ReadOutputData                      0x080013df   Thumb Code     8  stm32f10x_gpio.o(.text)
    GPIO_SetBits                             0x080013e7   Thumb Code     4  stm32f10x_gpio.o(.text)
    GPIO_ResetBits                           0x080013eb   Thumb Code     4  stm32f10x_gpio.o(.text)
    GPIO_WriteBit                            0x080013ef   Thumb Code    10  stm32f10x_gpio.o(.text)
    GPIO_Write                               0x080013f9   Thumb Code     4  stm32f10x_gpio.o(.text)
    GPIO_PinLockConfig                       0x080013fd   Thumb Code    18  stm32f10x_gpio.o(.text)
    GPIO_EventOutputConfig                   0x0800140f   Thumb Code    26  stm32f10x_gpio.o(.text)
    GPIO_EventOutputCmd                      0x08001429   Thumb Code     6  stm32f10x_gpio.o(.text)
    GPIO_PinRemapConfig                      0x0800142f   Thumb Code   138  stm32f10x_gpio.o(.text)
    GPIO_EXTILineConfig                      0x080014b9   Thumb Code    66  stm32f10x_gpio.o(.text)
    GPIO_ETH_MediaInterfaceConfig            0x080014fb   Thumb Code     8  stm32f10x_gpio.o(.text)
    RCC_DeInit                               0x08001529   Thumb Code    64  stm32f10x_rcc.o(.text)
    RCC_HSEConfig                            0x08001569   Thumb Code    70  stm32f10x_rcc.o(.text)
    RCC_GetFlagStatus                        0x080015af   Thumb Code    56  stm32f10x_rcc.o(.text)
    RCC_WaitForHSEStartUp                    0x080015e7   Thumb Code    56  stm32f10x_rcc.o(.text)
    RCC_AdjustHSICalibrationValue            0x0800161f   Thumb Code    20  stm32f10x_rcc.o(.text)
    RCC_HSICmd                               0x08001633   Thumb Code     6  stm32f10x_rcc.o(.text)
    RCC_PLLConfig                            0x08001639   Thumb Code    24  stm32f10x_rcc.o(.text)
    RCC_PLLCmd                               0x08001651   Thumb Code     6  stm32f10x_rcc.o(.text)
    RCC_SYSCLKConfig                         0x08001657   Thumb Code    18  stm32f10x_rcc.o(.text)
    RCC_GetSYSCLKSource                      0x08001669   Thumb Code    10  stm32f10x_rcc.o(.text)
    RCC_HCLKConfig                           0x08001673   Thumb Code    18  stm32f10x_rcc.o(.text)
    RCC_PCLK1Config                          0x08001685   Thumb Code    18  stm32f10x_rcc.o(.text)
    RCC_PCLK2Config                          0x08001697   Thumb Code    20  stm32f10x_rcc.o(.text)
    RCC_ITConfig                             0x080016ab   Thumb Code    26  stm32f10x_rcc.o(.text)
    RCC_USBCLKConfig                         0x080016c5   Thumb Code     8  stm32f10x_rcc.o(.text)
    RCC_ADCCLKConfig                         0x080016cd   Thumb Code    18  stm32f10x_rcc.o(.text)
    RCC_LSEConfig                            0x080016df   Thumb Code    50  stm32f10x_rcc.o(.text)
    RCC_LSICmd                               0x08001711   Thumb Code     6  stm32f10x_rcc.o(.text)
    RCC_RTCCLKConfig                         0x08001717   Thumb Code    12  stm32f10x_rcc.o(.text)
    RCC_RTCCLKCmd                            0x08001723   Thumb Code     8  stm32f10x_rcc.o(.text)
    RCC_GetClocksFreq                        0x0800172b   Thumb Code   192  stm32f10x_rcc.o(.text)
    RCC_AHBPeriphClockCmd                    0x080017eb   Thumb Code    26  stm32f10x_rcc.o(.text)
    RCC_APB2PeriphClockCmd                   0x08001805   Thumb Code    26  stm32f10x_rcc.o(.text)
    RCC_APB1PeriphClockCmd                   0x0800181f   Thumb Code    26  stm32f10x_rcc.o(.text)
    RCC_APB2PeriphResetCmd                   0x08001839   Thumb Code    26  stm32f10x_rcc.o(.text)
    RCC_APB1PeriphResetCmd                   0x08001853   Thumb Code    26  stm32f10x_rcc.o(.text)
    RCC_BackupResetCmd                       0x0800186d   Thumb Code     8  stm32f10x_rcc.o(.text)
    RCC_ClockSecuritySystemCmd               0x08001875   Thumb Code     6  stm32f10x_rcc.o(.text)
    RCC_MCOConfig                            0x0800187b   Thumb Code     6  stm32f10x_rcc.o(.text)
    RCC_ClearFlag                            0x08001881   Thumb Code    14  stm32f10x_rcc.o(.text)
    RCC_GetITStatus                          0x0800188f   Thumb Code    20  stm32f10x_rcc.o(.text)
    RCC_ClearITPendingBit                    0x080018a3   Thumb Code     6  stm32f10x_rcc.o(.text)
    TIM_DeInit                               0x080018cd   Thumb Code   424  stm32f10x_tim.o(.text)
    TIM_TimeBaseInit                         0x08001a75   Thumb Code   122  stm32f10x_tim.o(.text)
    TIM_OC1Init                              0x08001aef   Thumb Code   132  stm32f10x_tim.o(.text)
    TIM_OC2Init                              0x08001b73   Thumb Code   154  stm32f10x_tim.o(.text)
    TIM_OC3Init                              0x08001c0d   Thumb Code   150  stm32f10x_tim.o(.text)
    TIM_OC4Init                              0x08001ca3   Thumb Code   182  stm32f10x_tim.o(.text)
    TIM_SetIC4Prescaler                      0x08001d59   Thumb Code    26  stm32f10x_tim.o(.text)
    TIM_SetIC3Prescaler                      0x08001df5   Thumb Code    18  stm32f10x_tim.o(.text)
    TIM_SetIC2Prescaler                      0x08001e81   Thumb Code    26  stm32f10x_tim.o(.text)
    TIM_SetIC1Prescaler                      0x08001f1d   Thumb Code    18  stm32f10x_tim.o(.text)
    TIM_ICInit                               0x08001f9b   Thumb Code   150  stm32f10x_tim.o(.text)
    TIM_PWMIConfig                           0x08002031   Thumb Code   124  stm32f10x_tim.o(.text)
    TIM_BDTRConfig                           0x080020ad   Thumb Code    32  stm32f10x_tim.o(.text)
    TIM_TimeBaseStructInit                   0x080020cd   Thumb Code    18  stm32f10x_tim.o(.text)
    TIM_OCStructInit                         0x080020df   Thumb Code    20  stm32f10x_tim.o(.text)
    TIM_ICStructInit                         0x080020f3   Thumb Code    18  stm32f10x_tim.o(.text)
    TIM_BDTRStructInit                       0x08002105   Thumb Code    40  stm32f10x_tim.o(.text)
    TIM_Cmd                                  0x0800212d   Thumb Code    24  stm32f10x_tim.o(.text)
    TIM_CtrlPWMOutputs                       0x08002145   Thumb Code    30  stm32f10x_tim.o(.text)
    TIM_ITConfig                             0x08002163   Thumb Code    18  stm32f10x_tim.o(.text)
    TIM_GenerateEvent                        0x08002175   Thumb Code     4  stm32f10x_tim.o(.text)
    TIM_DMAConfig                            0x08002179   Thumb Code    10  stm32f10x_tim.o(.text)
    TIM_DMACmd                               0x08002183   Thumb Code    18  stm32f10x_tim.o(.text)
    TIM_InternalClockConfig                  0x08002195   Thumb Code    12  stm32f10x_tim.o(.text)
    TIM_SelectInputTrigger                   0x080021a1   Thumb Code    18  stm32f10x_tim.o(.text)
    TIM_ITRxExternalClockConfig              0x080021b3   Thumb Code    24  stm32f10x_tim.o(.text)
    TIM_TIxExternalClockConfig               0x080021cb   Thumb Code    62  stm32f10x_tim.o(.text)
    TIM_ETRConfig                            0x08002209   Thumb Code    28  stm32f10x_tim.o(.text)
    TIM_ETRClockMode1Config                  0x08002225   Thumb Code    54  stm32f10x_tim.o(.text)
    TIM_ETRClockMode2Config                  0x0800225b   Thumb Code    32  stm32f10x_tim.o(.text)
    TIM_PrescalerConfig                      0x0800227b   Thumb Code     6  stm32f10x_tim.o(.text)
    TIM_CounterModeConfig                    0x08002281   Thumb Code    18  stm32f10x_tim.o(.text)
    TIM_EncoderInterfaceConfig               0x08002293   Thumb Code    66  stm32f10x_tim.o(.text)
    TIM_ForcedOC1Config                      0x080022d5   Thumb Code    18  stm32f10x_tim.o(.text)
    TIM_ForcedOC2Config                      0x080022e7   Thumb Code    26  stm32f10x_tim.o(.text)
    TIM_ForcedOC3Config                      0x08002301   Thumb Code    18  stm32f10x_tim.o(.text)
    TIM_ForcedOC4Config                      0x08002313   Thumb Code    26  stm32f10x_tim.o(.text)
    TIM_ARRPreloadConfig                     0x0800232d   Thumb Code    24  stm32f10x_tim.o(.text)
    TIM_SelectCOM                            0x08002345   Thumb Code    24  stm32f10x_tim.o(.text)
    TIM_SelectCCDMA                          0x0800235d   Thumb Code    24  stm32f10x_tim.o(.text)
    TIM_CCPreloadControl                     0x08002375   Thumb Code    24  stm32f10x_tim.o(.text)
    TIM_OC1PreloadConfig                     0x0800238d   Thumb Code    18  stm32f10x_tim.o(.text)
    TIM_OC2PreloadConfig                     0x0800239f   Thumb Code    26  stm32f10x_tim.o(.text)
    TIM_OC3PreloadConfig                     0x080023b9   Thumb Code    18  stm32f10x_tim.o(.text)
    TIM_OC4PreloadConfig                     0x080023cb   Thumb Code    26  stm32f10x_tim.o(.text)
    TIM_OC1FastConfig                        0x080023e5   Thumb Code    18  stm32f10x_tim.o(.text)
    TIM_OC2FastConfig                        0x080023f7   Thumb Code    26  stm32f10x_tim.o(.text)
    TIM_OC3FastConfig                        0x08002411   Thumb Code    18  stm32f10x_tim.o(.text)
    TIM_OC4FastConfig                        0x08002423   Thumb Code    26  stm32f10x_tim.o(.text)
    TIM_ClearOC1Ref                          0x0800243d   Thumb Code    18  stm32f10x_tim.o(.text)
    TIM_ClearOC2Ref                          0x0800244f   Thumb Code    24  stm32f10x_tim.o(.text)
    TIM_ClearOC3Ref                          0x08002467   Thumb Code    18  stm32f10x_tim.o(.text)
    TIM_ClearOC4Ref                          0x08002479   Thumb Code    24  stm32f10x_tim.o(.text)
    TIM_OC1PolarityConfig                    0x08002491   Thumb Code    18  stm32f10x_tim.o(.text)
    TIM_OC1NPolarityConfig                   0x080024a3   Thumb Code    18  stm32f10x_tim.o(.text)
    TIM_OC2PolarityConfig                    0x080024b5   Thumb Code    26  stm32f10x_tim.o(.text)
    TIM_OC2NPolarityConfig                   0x080024cf   Thumb Code    26  stm32f10x_tim.o(.text)
    TIM_OC3PolarityConfig                    0x080024e9   Thumb Code    26  stm32f10x_tim.o(.text)
    TIM_OC3NPolarityConfig                   0x08002503   Thumb Code    26  stm32f10x_tim.o(.text)
    TIM_OC4PolarityConfig                    0x0800251d   Thumb Code    26  stm32f10x_tim.o(.text)
    TIM_CCxCmd                               0x08002537   Thumb Code    30  stm32f10x_tim.o(.text)
    TIM_CCxNCmd                              0x08002555   Thumb Code    30  stm32f10x_tim.o(.text)
    TIM_SelectOCxM                           0x08002573   Thumb Code    82  stm32f10x_tim.o(.text)
    TIM_UpdateDisableConfig                  0x080025c5   Thumb Code    24  stm32f10x_tim.o(.text)
    TIM_UpdateRequestConfig                  0x080025dd   Thumb Code    24  stm32f10x_tim.o(.text)
    TIM_SelectHallSensor                     0x080025f5   Thumb Code    24  stm32f10x_tim.o(.text)
    TIM_SelectOnePulseMode                   0x0800260d   Thumb Code    18  stm32f10x_tim.o(.text)
    TIM_SelectOutputTrigger                  0x0800261f   Thumb Code    18  stm32f10x_tim.o(.text)
    TIM_SelectSlaveMode                      0x08002631   Thumb Code    18  stm32f10x_tim.o(.text)
    TIM_SelectMasterSlaveMode                0x08002643   Thumb Code    18  stm32f10x_tim.o(.text)
    TIM_SetCounter                           0x08002655   Thumb Code     4  stm32f10x_tim.o(.text)
    TIM_SetAutoreload                        0x08002659   Thumb Code     4  stm32f10x_tim.o(.text)
    TIM_SetCompare1                          0x0800265d   Thumb Code     4  stm32f10x_tim.o(.text)
    TIM_SetCompare2                          0x08002661   Thumb Code     4  stm32f10x_tim.o(.text)
    TIM_SetCompare3                          0x08002665   Thumb Code     4  stm32f10x_tim.o(.text)
    TIM_SetCompare4                          0x08002669   Thumb Code     6  stm32f10x_tim.o(.text)
    TIM_SetClockDivision                     0x0800266f   Thumb Code    18  stm32f10x_tim.o(.text)
    TIM_GetCapture1                          0x08002681   Thumb Code     6  stm32f10x_tim.o(.text)
    TIM_GetCapture2                          0x08002687   Thumb Code     6  stm32f10x_tim.o(.text)
    TIM_GetCapture3                          0x0800268d   Thumb Code     6  stm32f10x_tim.o(.text)
    TIM_GetCapture4                          0x08002693   Thumb Code     8  stm32f10x_tim.o(.text)
    TIM_GetCounter                           0x0800269b   Thumb Code     6  stm32f10x_tim.o(.text)
    TIM_GetPrescaler                         0x080026a1   Thumb Code     6  stm32f10x_tim.o(.text)
    TIM_GetFlagStatus                        0x080026a7   Thumb Code    18  stm32f10x_tim.o(.text)
    TIM_ClearFlag                            0x080026b9   Thumb Code     6  stm32f10x_tim.o(.text)
    TIM_GetITStatus                          0x080026bf   Thumb Code    34  stm32f10x_tim.o(.text)
    TIM_ClearITPendingBit                    0x080026e1   Thumb Code     6  stm32f10x_tim.o(.text)
    USART_DeInit                             0x080026e9   Thumb Code   134  stm32f10x_usart.o(.text)
    USART_Init                               0x0800276f   Thumb Code   210  stm32f10x_usart.o(.text)
    USART_StructInit                         0x08002841   Thumb Code    24  stm32f10x_usart.o(.text)
    USART_ClockInit                          0x08002859   Thumb Code    34  stm32f10x_usart.o(.text)
    USART_ClockStructInit                    0x0800287b   Thumb Code    12  stm32f10x_usart.o(.text)
    USART_Cmd                                0x08002887   Thumb Code    24  stm32f10x_usart.o(.text)
    USART_ITConfig                           0x0800289f   Thumb Code    74  stm32f10x_usart.o(.text)
    USART_DMACmd                             0x080028e9   Thumb Code    18  stm32f10x_usart.o(.text)
    USART_SetAddress                         0x080028fb   Thumb Code    18  stm32f10x_usart.o(.text)
    USART_WakeUpConfig                       0x0800290d   Thumb Code    18  stm32f10x_usart.o(.text)
    USART_ReceiverWakeUpCmd                  0x0800291f   Thumb Code    24  stm32f10x_usart.o(.text)
    USART_LINBreakDetectLengthConfig         0x08002937   Thumb Code    18  stm32f10x_usart.o(.text)
    USART_LINCmd                             0x08002949   Thumb Code    24  stm32f10x_usart.o(.text)
    USART_SendData                           0x08002961   Thumb Code     8  stm32f10x_usart.o(.text)
    USART_ReceiveData                        0x08002969   Thumb Code    10  stm32f10x_usart.o(.text)
    USART_SendBreak                          0x08002973   Thumb Code    10  stm32f10x_usart.o(.text)
    USART_SetGuardTime                       0x0800297d   Thumb Code    16  stm32f10x_usart.o(.text)
    USART_SetPrescaler                       0x0800298d   Thumb Code    16  stm32f10x_usart.o(.text)
    USART_SmartCardCmd                       0x0800299d   Thumb Code    24  stm32f10x_usart.o(.text)
    USART_SmartCardNACKCmd                   0x080029b5   Thumb Code    24  stm32f10x_usart.o(.text)
    USART_HalfDuplexCmd                      0x080029cd   Thumb Code    24  stm32f10x_usart.o(.text)
    USART_OverSampling8Cmd                   0x080029e5   Thumb Code    22  stm32f10x_usart.o(.text)
    USART_OneBitMethodCmd                    0x080029fb   Thumb Code    24  stm32f10x_usart.o(.text)
    USART_IrDAConfig                         0x08002a13   Thumb Code    18  stm32f10x_usart.o(.text)
    USART_IrDACmd                            0x08002a25   Thumb Code    24  stm32f10x_usart.o(.text)
    USART_GetFlagStatus                      0x08002a3d   Thumb Code    26  stm32f10x_usart.o(.text)
    USART_ClearFlag                          0x08002a57   Thumb Code    18  stm32f10x_usart.o(.text)
    USART_GetITStatus                        0x08002a69   Thumb Code    84  stm32f10x_usart.o(.text)
    USART_ClearITPendingBit                  0x08002abd   Thumb Code    52  stm32f10x_usart.o(.text)
    delay_init                               0x08002af1   Thumb Code    50  delay.o(.text)
    delay_us                                 0x08002b23   Thumb Code    72  delay.o(.text)
    delay_ms                                 0x08002b6b   Thumb Code    72  delay.o(.text)
    _sys_exit                                0x08002bc5   Thumb Code     4  usart.o(.text)
    fputc                                    0x08002bc9   Thumb Code    24  usart.o(.text)
    uart_init                                0x08002be1   Thumb Code   152  usart.o(.text)
    USART1_IRQHandler                        0x08002c79   Thumb Code   122  usart.o(.text)
    NMI_Handler                              0x08002d05   Thumb Code     2  stm32f10x_it.o(.text)
    HardFault_Handler                        0x08002d07   Thumb Code     4  stm32f10x_it.o(.text)
    MemManage_Handler                        0x08002d0b   Thumb Code     4  stm32f10x_it.o(.text)
    BusFault_Handler                         0x08002d0f   Thumb Code     4  stm32f10x_it.o(.text)
    UsageFault_Handler                       0x08002d13   Thumb Code     4  stm32f10x_it.o(.text)
    SVC_Handler                              0x08002d17   Thumb Code     2  stm32f10x_it.o(.text)
    DebugMon_Handler                         0x08002d19   Thumb Code     2  stm32f10x_it.o(.text)
    PendSV_Handler                           0x08002d1b   Thumb Code     2  stm32f10x_it.o(.text)
    SysTick_Handler                          0x08002d1d   Thumb Code     2  stm32f10x_it.o(.text)
    SystemInit                               0x08002dff   Thumb Code    78  system_stm32f10x.o(.text)
    SystemCoreClockUpdate                    0x08002e4d   Thumb Code   142  system_stm32f10x.o(.text)
    main                                     0x08002f01   Thumb Code    60  main.o(.text)
    __use_no_semihosting                     0x08002f3d   Thumb Code     2  use_no_semi_2.o(.text)
    __2sprintf                               0x08002f41   Thumb Code    34  noretval__2sprintf.o(.text)
    _printf_pre_padding                      0x08002f69   Thumb Code    44  _printf_pad.o(.text)
    _printf_post_padding                     0x08002f95   Thumb Code    34  _printf_pad.o(.text)
    _printf_int_dec                          0x08002fb9   Thumb Code   104  _printf_dec.o(.text)
    __printf                                 0x08003031   Thumb Code   308  __printf_flags_wp.o(.text)
    __use_two_region_memory                  0x08003169   Thumb Code     2  heapauxi.o(.text)
    __rt_heap_escrow$2region                 0x0800316b   Thumb Code     2  heapauxi.o(.text)
    __rt_heap_expand$2region                 0x0800316d   Thumb Code     2  heapauxi.o(.text)
    __I$use$semihosting                      0x0800316f   Thumb Code     0  use_no_semi.o(.text)
    __use_no_semihosting_swi                 0x0800316f   Thumb Code     2  use_no_semi.o(.text)
    _printf_int_common                       0x08003171   Thumb Code   178  _printf_intcommon.o(.text)
    _printf_char_common                      0x0800322f   Thumb Code    32  _printf_char_common.o(.text)
    _sputc                                   0x08003255   Thumb Code    10  _sputc.o(.text)
    __user_setup_stackheap                   0x0800325f   Thumb Code    74  sys_stackheap_outer.o(.text)
    exit                                     0x080032a9   Thumb Code    18  exit.o(.text)
    __user_libspace                          0x080032bd   Thumb Code     8  libspace.o(.text)
    __user_perproc_libspace                  0x080032bd   Thumb Code     0  libspace.o(.text)
    __user_perthread_libspace                0x080032bd   Thumb Code     0  libspace.o(.text)
    _is_digit                                0x080032c5   Thumb Code    14  __printf_wp.o(i._is_digit)
    __aeabi_fadd                             0x080032d5   Thumb Code     0  faddsub_clz.o(x$fpl$fadd)
    _fadd                                    0x080032d5   Thumb Code   196  faddsub_clz.o(x$fpl$fadd)
    __fpl_fcmp_Inf                           0x08003399   Thumb Code    24  fcmpi.o(x$fpl$fcmpinf)
    __aeabi_fdiv                             0x080033b1   Thumb Code     0  fdiv.o(x$fpl$fdiv)
    _fdiv                                    0x080033b1   Thumb Code   384  fdiv.o(x$fpl$fdiv)
    __aeabi_f2uiz                            0x08003535   Thumb Code     0  ffixu.o(x$fpl$ffixu)
    _ffixu                                   0x08003535   Thumb Code    62  ffixu.o(x$fpl$ffixu)
    __aeabi_i2f                              0x08003575   Thumb Code     0  fflt_clz.o(x$fpl$fflt)
    _fflt                                    0x08003575   Thumb Code    48  fflt_clz.o(x$fpl$fflt)
    __aeabi_ui2f                             0x080035a5   Thumb Code     0  fflt_clz.o(x$fpl$ffltu)
    _ffltu                                   0x080035a5   Thumb Code    38  fflt_clz.o(x$fpl$ffltu)
    __aeabi_cfcmple                          0x080035cd   Thumb Code     0  fleqf.o(x$fpl$fleqf)
    _fcmple                                  0x080035cd   Thumb Code   104  fleqf.o(x$fpl$fleqf)
    __fpl_fcmple_InfNaN                      0x0800361f   Thumb Code     0  fleqf.o(x$fpl$fleqf)
    __aeabi_fmul                             0x08003635   Thumb Code     0  fmul.o(x$fpl$fmul)
    _fmul                                    0x08003635   Thumb Code   258  fmul.o(x$fpl$fmul)
    __fpl_fnaninf                            0x08003737   Thumb Code   140  fnaninf.o(x$fpl$fnaninf)
    __fpl_fretinf                            0x080037c3   Thumb Code    10  fretinf.o(x$fpl$fretinf)
    __aeabi_cfrcmple                         0x080037cd   Thumb Code     0  frleqf.o(x$fpl$frleqf)
    _frcmple                                 0x080037cd   Thumb Code    98  frleqf.o(x$fpl$frleqf)
    __aeabi_frsub                            0x0800382f   Thumb Code     0  faddsub_clz.o(x$fpl$frsb)
    _frsb                                    0x0800382f   Thumb Code    20  faddsub_clz.o(x$fpl$frsb)
    __aeabi_fsub                             0x08003845   Thumb Code     0  faddsub_clz.o(x$fpl$fsub)
    _fsub                                    0x08003845   Thumb Code   234  faddsub_clz.o(x$fpl$fsub)
    F8X16                                    0x0800392e   Data        1520  oled.o(.constdata)
    __I$use$fp                               0x0800392e   Number         0  usenofp.o(x$fpl$usenofp)
    F12X24                                   0x08003f1e   Data        3420  oled.o(.constdata)
    F16X32                                   0x08004c7a   Data        6080  oled.o(.constdata)
    Hzk16x16                                 0x0800643a   Data         160  oled.o(.constdata)
    Region$$Table$$Base                      0x080064ec   Number         0  anon$$obj.o(Region$$Table)
    Region$$Table$$Limit                     0x0800650c   Number         0  anon$$obj.o(Region$$Table)
    V_int                                    0x20000004   Data           2  time.o(.data)
    V_dec                                    0x20000006   Data           2  time.o(.data)
    I_int                                    0x20000008   Data           2  time.o(.data)
    I_dec                                    0x2000000a   Data           2  time.o(.data)
    W_int                                    0x2000000c   Data           2  time.o(.data)
    W_dec                                    0x2000000e   Data           2  time.o(.data)
    __stdout                                 0x2000003c   Data           4  usart.o(.data)
    USART_RX_STA                             0x20000040   Data           2  usart.o(.data)
    SystemCoreClock                          0x20000044   Data           4  system_stm32f10x.o(.data)
    AHBPrescTable                            0x20000048   Data          16  system_stm32f10x.o(.data)
    ina226_data                              0x20000058   Data          24  bsp_ina226.o(.bss)
    string_V                                 0x20000070   Data          20  time.o(.bss)
    string_I                                 0x20000084   Data          20  time.o(.bss)
    string_W                                 0x20000098   Data          20  time.o(.bss)
    string_mAh                               0x200000ac   Data          20  time.o(.bss)
    string_Wh                                0x200000c0   Data          20  time.o(.bss)
    string_T                                 0x200000d4   Data          20  time.o(.bss)
    USART_RX_BUF                             0x200000e8   Data         200  usart.o(.bss)
    __libspace_start                         0x200001b0   Data          96  libspace.o(.bss)
    __temporary_stack_top$libspace           0x20000210   Data           0  libspace.o(.bss)



==============================================================================

Memory Map of the image

  Image Entry point : 0x080000ed

  Load Region LR_IROM1 (Base: 0x08000000, Size: 0x00006564, Max: 0x00010000, ABSOLUTE)

    Execution Region ER_IROM1 (Exec base: 0x08000000, Load base: 0x08000000, Size: 0x0000650c, Max: 0x00010000, ABSOLUTE)

    Exec Addr    Load Addr    Size         Type   Attr      Idx    E Section Name        Object

    0x08000000   0x08000000   0x000000ec   Data   RO           19    RESET               startup_stm32f10x_md.o
    0x080000ec   0x080000ec   0x00000008   Code   RO          672  * !!!main             c_w.l(__main.o)
    0x080000f4   0x080000f4   0x00000034   Code   RO          871    !!!scatter          c_w.l(__scatter.o)
    0x08000128   0x08000128   0x0000001a   Code   RO          873    !!handler_copy      c_w.l(__scatter_copy.o)
    0x08000142   0x08000142   0x00000002   PAD
    0x08000144   0x08000144   0x0000001c   Code   RO          875    !!handler_zi        c_w.l(__scatter_zi.o)
    0x08000160   0x08000160   0x00000000   Code   RO          669    .ARM.Collect$$_printf_percent$$00000000  c_w.l(_printf_percent.o)
    0x08000160   0x08000160   0x00000006   Code   RO          668    .ARM.Collect$$_printf_percent$$00000009  c_w.l(_printf_d.o)
    0x08000166   0x08000166   0x00000004   Code   RO          707    .ARM.Collect$$_printf_percent$$00000017  c_w.l(_printf_percent_end.o)
    0x0800016a   0x0800016a   0x00000002   Code   RO          743    .ARM.Collect$$libinit$$00000000  c_w.l(libinit.o)
    0x0800016c   0x0800016c   0x00000000   Code   RO          750    .ARM.Collect$$libinit$$00000002  c_w.l(libinit2.o)
    0x0800016c   0x0800016c   0x00000000   Code   RO          752    .ARM.Collect$$libinit$$00000004  c_w.l(libinit2.o)
    0x0800016c   0x0800016c   0x00000000   Code   RO          755    .ARM.Collect$$libinit$$0000000A  c_w.l(libinit2.o)
    0x0800016c   0x0800016c   0x00000000   Code   RO          757    .ARM.Collect$$libinit$$0000000C  c_w.l(libinit2.o)
    0x0800016c   0x0800016c   0x00000000   Code   RO          759    .ARM.Collect$$libinit$$0000000E  c_w.l(libinit2.o)
    0x0800016c   0x0800016c   0x00000000   Code   RO          762    .ARM.Collect$$libinit$$00000011  c_w.l(libinit2.o)
    0x0800016c   0x0800016c   0x00000000   Code   RO          764    .ARM.Collect$$libinit$$00000013  c_w.l(libinit2.o)
    0x0800016c   0x0800016c   0x00000000   Code   RO          766    .ARM.Collect$$libinit$$00000015  c_w.l(libinit2.o)
    0x0800016c   0x0800016c   0x00000000   Code   RO          768    .ARM.Collect$$libinit$$00000017  c_w.l(libinit2.o)
    0x0800016c   0x0800016c   0x00000000   Code   RO          770    .ARM.Collect$$libinit$$00000019  c_w.l(libinit2.o)
    0x0800016c   0x0800016c   0x00000000   Code   RO          772    .ARM.Collect$$libinit$$0000001B  c_w.l(libinit2.o)
    0x0800016c   0x0800016c   0x00000000   Code   RO          774    .ARM.Collect$$libinit$$0000001D  c_w.l(libinit2.o)
    0x0800016c   0x0800016c   0x00000000   Code   RO          776    .ARM.Collect$$libinit$$0000001F  c_w.l(libinit2.o)
    0x0800016c   0x0800016c   0x00000000   Code   RO          778    .ARM.Collect$$libinit$$00000021  c_w.l(libinit2.o)
    0x0800016c   0x0800016c   0x00000000   Code   RO          780    .ARM.Collect$$libinit$$00000023  c_w.l(libinit2.o)
    0x0800016c   0x0800016c   0x00000000   Code   RO          782    .ARM.Collect$$libinit$$00000025  c_w.l(libinit2.o)
    0x0800016c   0x0800016c   0x00000000   Code   RO          786    .ARM.Collect$$libinit$$0000002C  c_w.l(libinit2.o)
    0x0800016c   0x0800016c   0x00000000   Code   RO          788    .ARM.Collect$$libinit$$0000002E  c_w.l(libinit2.o)
    0x0800016c   0x0800016c   0x00000000   Code   RO          790    .ARM.Collect$$libinit$$00000030  c_w.l(libinit2.o)
    0x0800016c   0x0800016c   0x00000000   Code   RO          792    .ARM.Collect$$libinit$$00000032  c_w.l(libinit2.o)
    0x0800016c   0x0800016c   0x00000002   Code   RO          793    .ARM.Collect$$libinit$$00000033  c_w.l(libinit2.o)
    0x0800016e   0x0800016e   0x00000002   Code   RO          811    .ARM.Collect$$libshutdown$$00000000  c_w.l(libshutdown.o)
    0x08000170   0x08000170   0x00000000   Code   RO          821    .ARM.Collect$$libshutdown$$00000002  c_w.l(libshutdown2.o)
    0x08000170   0x08000170   0x00000000   Code   RO          823    .ARM.Collect$$libshutdown$$00000004  c_w.l(libshutdown2.o)
    0x08000170   0x08000170   0x00000000   Code   RO          825    .ARM.Collect$$libshutdown$$00000006  c_w.l(libshutdown2.o)
    0x08000170   0x08000170   0x00000000   Code   RO          828    .ARM.Collect$$libshutdown$$00000009  c_w.l(libshutdown2.o)
    0x08000170   0x08000170   0x00000000   Code   RO          831    .ARM.Collect$$libshutdown$$0000000C  c_w.l(libshutdown2.o)
    0x08000170   0x08000170   0x00000000   Code   RO          833    .ARM.Collect$$libshutdown$$0000000E  c_w.l(libshutdown2.o)
    0x08000170   0x08000170   0x00000000   Code   RO          836    .ARM.Collect$$libshutdown$$00000011  c_w.l(libshutdown2.o)
    0x08000170   0x08000170   0x00000002   Code   RO          837    .ARM.Collect$$libshutdown$$00000012  c_w.l(libshutdown2.o)
    0x08000172   0x08000172   0x00000000   Code   RO          700    .ARM.Collect$$rtentry$$00000000  c_w.l(__rtentry.o)
    0x08000172   0x08000172   0x00000000   Code   RO          716    .ARM.Collect$$rtentry$$00000002  c_w.l(__rtentry2.o)
    0x08000172   0x08000172   0x00000006   Code   RO          728    .ARM.Collect$$rtentry$$00000004  c_w.l(__rtentry4.o)
    0x08000178   0x08000178   0x00000000   Code   RO          718    .ARM.Collect$$rtentry$$00000009  c_w.l(__rtentry2.o)
    0x08000178   0x08000178   0x00000004   Code   RO          719    .ARM.Collect$$rtentry$$0000000A  c_w.l(__rtentry2.o)
    0x0800017c   0x0800017c   0x00000000   Code   RO          721    .ARM.Collect$$rtentry$$0000000C  c_w.l(__rtentry2.o)
    0x0800017c   0x0800017c   0x00000008   Code   RO          722    .ARM.Collect$$rtentry$$0000000D  c_w.l(__rtentry2.o)
    0x08000184   0x08000184   0x00000002   Code   RO          747    .ARM.Collect$$rtexit$$00000000  c_w.l(rtexit.o)
    0x08000186   0x08000186   0x00000000   Code   RO          795    .ARM.Collect$$rtexit$$00000002  c_w.l(rtexit2.o)
    0x08000186   0x08000186   0x00000004   Code   RO          796    .ARM.Collect$$rtexit$$00000003  c_w.l(rtexit2.o)
    0x0800018a   0x0800018a   0x00000006   Code   RO          797    .ARM.Collect$$rtexit$$00000004  c_w.l(rtexit2.o)
    0x08000190   0x08000190   0x00000040   Code   RO           20    .text               startup_stm32f10x_md.o
    0x080001d0   0x080001d0   0x0000060c   Code   RO           24    .text               oled.o
    0x080007dc   0x080007dc   0x0000023c   Code   RO           86    .text               bsp_ina226.o
    0x08000a18   0x08000a18   0x0000026c   Code   RO          107    .text               bsp_iic.o
    0x08000c84   0x08000c84   0x000000f0   Code   RO          134    .text               key.o
    0x08000d74   0x08000d74   0x0000037c   Code   RO          150    .text               time.o
    0x080010f0   0x080010f0   0x000000dc   Code   RO          177    .text               misc.o
    0x080011cc   0x080011cc   0x0000035c   Code   RO          351    .text               stm32f10x_gpio.o
    0x08001528   0x08001528   0x000003a4   Code   RO          408    .text               stm32f10x_rcc.o
    0x080018cc   0x080018cc   0x00000e1a   Code   RO          467    .text               stm32f10x_tim.o
    0x080026e6   0x080026e6   0x00000002   PAD
    0x080026e8   0x080026e8   0x00000408   Code   RO          479    .text               stm32f10x_usart.o
    0x08002af0   0x08002af0   0x000000d4   Code   RO          506    .text               delay.o
    0x08002bc4   0x08002bc4   0x00000140   Code   RO          536    .text               usart.o
    0x08002d04   0x08002d04   0x0000001a   Code   RO          559    .text               stm32f10x_it.o
    0x08002d1e   0x08002d1e   0x00000002   PAD
    0x08002d20   0x08002d20   0x000001e0   Code   RO          591    .text               system_stm32f10x.o
    0x08002f00   0x08002f00   0x0000003c   Code   RO          609    .text               main.o
    0x08002f3c   0x08002f3c   0x00000002   Code   RO          636    .text               c_w.l(use_no_semi_2.o)
    0x08002f3e   0x08002f3e   0x00000002   PAD
    0x08002f40   0x08002f40   0x00000028   Code   RO          640    .text               c_w.l(noretval__2sprintf.o)
    0x08002f68   0x08002f68   0x0000004e   Code   RO          644    .text               c_w.l(_printf_pad.o)
    0x08002fb6   0x08002fb6   0x00000002   PAD
    0x08002fb8   0x08002fb8   0x00000078   Code   RO          646    .text               c_w.l(_printf_dec.o)
    0x08003030   0x08003030   0x00000138   Code   RO          660    .text               c_w.l(__printf_flags_wp.o)
    0x08003168   0x08003168   0x00000006   Code   RO          670    .text               c_w.l(heapauxi.o)
    0x0800316e   0x0800316e   0x00000002   Code   RO          698    .text               c_w.l(use_no_semi.o)
    0x08003170   0x08003170   0x000000b2   Code   RO          701    .text               c_w.l(_printf_intcommon.o)
    0x08003222   0x08003222   0x00000002   PAD
    0x08003224   0x08003224   0x00000030   Code   RO          703    .text               c_w.l(_printf_char_common.o)
    0x08003254   0x08003254   0x0000000a   Code   RO          705    .text               c_w.l(_sputc.o)
    0x0800325e   0x0800325e   0x0000004a   Code   RO          734    .text               c_w.l(sys_stackheap_outer.o)
    0x080032a8   0x080032a8   0x00000012   Code   RO          736    .text               c_w.l(exit.o)
    0x080032ba   0x080032ba   0x00000002   PAD
    0x080032bc   0x080032bc   0x00000008   Code   RO          744    .text               c_w.l(libspace.o)
    0x080032c4   0x080032c4   0x0000000e   Code   RO          658    i._is_digit         c_w.l(__printf_wp.o)
    0x080032d2   0x080032d2   0x00000002   PAD
    0x080032d4   0x080032d4   0x000000c4   Code   RO          674    x$fpl$fadd          fz_ws.l(faddsub_clz.o)
    0x08003398   0x08003398   0x00000018   Code   RO          732    x$fpl$fcmpinf       fz_ws.l(fcmpi.o)
    0x080033b0   0x080033b0   0x00000184   Code   RO          681    x$fpl$fdiv          fz_ws.l(fdiv.o)
    0x08003534   0x08003534   0x0000003e   Code   RO          684    x$fpl$ffixu         fz_ws.l(ffixu.o)
    0x08003572   0x08003572   0x00000002   PAD
    0x08003574   0x08003574   0x00000030   Code   RO          689    x$fpl$fflt          fz_ws.l(fflt_clz.o)
    0x080035a4   0x080035a4   0x00000026   Code   RO          688    x$fpl$ffltu         fz_ws.l(fflt_clz.o)
    0x080035ca   0x080035ca   0x00000002   PAD
    0x080035cc   0x080035cc   0x00000068   Code   RO          708    x$fpl$fleqf         fz_ws.l(fleqf.o)
    0x08003634   0x08003634   0x00000102   Code   RO          694    x$fpl$fmul          fz_ws.l(fmul.o)
    0x08003736   0x08003736   0x0000008c   Code   RO          710    x$fpl$fnaninf       fz_ws.l(fnaninf.o)
    0x080037c2   0x080037c2   0x0000000a   Code   RO          712    x$fpl$fretinf       fz_ws.l(fretinf.o)
    0x080037cc   0x080037cc   0x00000062   Code   RO          696    x$fpl$frleqf        fz_ws.l(frleqf.o)
    0x0800382e   0x0800382e   0x00000014   Code   RO          675    x$fpl$frsb          fz_ws.l(faddsub_clz.o)
    0x08003842   0x08003842   0x00000002   PAD
    0x08003844   0x08003844   0x000000ea   Code   RO          676    x$fpl$fsub          fz_ws.l(faddsub_clz.o)
    0x0800392e   0x0800392e   0x00000000   Code   RO          714    x$fpl$usenofp       fz_ws.l(usenofp.o)
    0x0800392e   0x0800392e   0x00002bac   Data   RO           25    .constdata          oled.o
    0x080064da   0x080064da   0x00000011   Data   RO          661    .constdata          c_w.l(__printf_flags_wp.o)
    0x080064eb   0x080064eb   0x00000001   PAD
    0x080064ec   0x080064ec   0x00000020   Data   RO          869    Region$$Table       anon$$obj.o


    Execution Region RW_IRAM1 (Exec base: 0x20000000, Load base: 0x0800650c, Size: 0x00000810, Max: 0x00005000, ABSOLUTE)

    Exec Addr    Load Addr    Size         Type   Attr      Idx    E Section Name        Object

    0x20000000   0x0800650c   0x00000001   Data   RW          135    .data               key.o
    0x20000001   0x0800650d   0x00000003   PAD
    0x20000004   0x08006510   0x00000020   Data   RW          152    .data               time.o
    0x20000024   0x08006530   0x00000014   Data   RW          409    .data               stm32f10x_rcc.o
    0x20000038   0x08006544   0x00000004   Data   RW          507    .data               delay.o
    0x2000003c   0x08006548   0x00000006   Data   RW          538    .data               usart.o
    0x20000042   0x0800654e   0x00000002   PAD
    0x20000044   0x08006550   0x00000014   Data   RW          592    .data               system_stm32f10x.o
    0x20000058        -       0x00000018   Zero   RW           87    .bss                bsp_ina226.o
    0x20000070        -       0x00000078   Zero   RW          151    .bss                time.o
    0x200000e8        -       0x000000c8   Zero   RW          537    .bss                usart.o
    0x200001b0        -       0x00000060   Zero   RW          745    .bss                c_w.l(libspace.o)
    0x20000210        -       0x00000200   Zero   RW           18    HEAP                startup_stm32f10x_md.o
    0x20000410        -       0x00000400   Zero   RW           17    STACK               startup_stm32f10x_md.o


==============================================================================

Image component sizes


      Code (inc. data)   RO Data    RW Data    ZI Data      Debug   Object Name

       620         14          0          0          0       1915   bsp_iic.o
       572         18          0          0         24       4542   bsp_ina226.o
         0          0          0          0          0       4548   core_cm3.o
       212         18          0          4          0       1083   delay.o
       240         14          0          1          0        856   key.o
        60          0          0          0          0        479   main.o
       220         22          0          0          0       1849   misc.o
      1548         32      11180          0          0     252651   oled.o
        64         26        236          0       1536        824   startup_stm32f10x_md.o
       860         38          0          0          0       5781   stm32f10x_gpio.o
        26          0          0          0          0       1202   stm32f10x_it.o
       932         36          0         20          0       8980   stm32f10x_rcc.o
      3610         88          0          0          0      22888   stm32f10x_tim.o
      1032         22          0          0          0       8504   stm32f10x_usart.o
       480         38          0         20          0       1811   system_stm32f10x.o
       892        176          0         32        120       2232   time.o
       320         18          0          6        200       3222   usart.o

    ----------------------------------------------------------------------
     11692        560      11448         88       1880     323367   Object Totals
         0          0         32          0          0          0   (incl. Generated)
         4          0          0          5          0          0   (incl. Padding)

    ----------------------------------------------------------------------

      Code (inc. data)   RO Data    RW Data    ZI Data      Debug   Library Member Name

         8          0          0          0          0         68   __main.o
       312          4         17          0          0         92   __printf_flags_wp.o
        14          0          0          0          0         68   __printf_wp.o
         0          0          0          0          0          0   __rtentry.o
        12          0          0          0          0          0   __rtentry2.o
         6          0          0          0          0          0   __rtentry4.o
        52          8          0          0          0          0   __scatter.o
        26          0          0          0          0          0   __scatter_copy.o
        28          0          0          0          0          0   __scatter_zi.o
        48          6          0          0          0         96   _printf_char_common.o
         6          0          0          0          0          0   _printf_d.o
       120         16          0          0          0         92   _printf_dec.o
       178          0          0          0          0         88   _printf_intcommon.o
        78          0          0          0          0        108   _printf_pad.o
         0          0          0          0          0          0   _printf_percent.o
         4          0          0          0          0          0   _printf_percent_end.o
        10          0          0          0          0         68   _sputc.o
        18          0          0          0          0         80   exit.o
         6          0          0          0          0        152   heapauxi.o
         2          0          0          0          0          0   libinit.o
         2          0          0          0          0          0   libinit2.o
         2          0          0          0          0          0   libshutdown.o
         2          0          0          0          0          0   libshutdown2.o
         8          4          0          0         96         68   libspace.o
        40          6          0          0          0         84   noretval__2sprintf.o
         2          0          0          0          0          0   rtexit.o
        10          0          0          0          0          0   rtexit2.o
        74          0          0          0          0         80   sys_stackheap_outer.o
         2          0          0          0          0         68   use_no_semi.o
         2          0          0          0          0         68   use_no_semi_2.o
       450          8          0          0          0        236   faddsub_clz.o
        24          0          0          0          0         68   fcmpi.o
       388         76          0          0          0         96   fdiv.o
        62          4          0          0          0         84   ffixu.o
        86          0          0          0          0        136   fflt_clz.o
       104          4          0          0          0         84   fleqf.o
       258          4          0          0          0         84   fmul.o
       140          4          0          0          0         84   fnaninf.o
        10          0          0          0          0         68   fretinf.o
        98          0          0          0          0         68   frleqf.o
         0          0          0          0          0          0   usenofp.o

    ----------------------------------------------------------------------
      2710        144         18          0         96       2288   Library Totals
        18          0          1          0          0          0   (incl. Padding)

    ----------------------------------------------------------------------

      Code (inc. data)   RO Data    RW Data    ZI Data      Debug   Library Name

      1072         44         17          0         96       1280   c_w.l
      1620        100          0          0          0       1008   fz_ws.l

    ----------------------------------------------------------------------
      2710        144         18          0         96       2288   Library Totals

    ----------------------------------------------------------------------

==============================================================================


      Code (inc. data)   RO Data    RW Data    ZI Data      Debug   

     14402        704      11466         88       1976     323311   Grand Totals
     14402        704      11466         88       1976     323311   ELF Image Totals
     14402        704      11466         88          0          0   ROM Totals

==============================================================================

    Total RO  Size (Code + RO Data)                25868 (  25.26kB)
    Total RW  Size (RW Data + ZI Data)              2064 (   2.02kB)
    Total ROM Size (Code + RO Data + RW Data)      25956 (  25.35kB)

==============================================================================

