Archive member included to satisfy reference by file (symbol)

C:/CLionToolchains/gcc-arm-none-eabi-10.3-2021.10/bin/../lib/gcc/arm-none-eabi/13.3.1/thumb/v7-m/nofp\libg.a(libc_a-exit.o)
                              C:/CLionToolchains/gcc-arm-none-eabi-10.3-2021.10/bin/../lib/gcc/arm-none-eabi/13.3.1/thumb/v7-m/nofp/crt0.o (exit)
C:/CLionToolchains/gcc-arm-none-eabi-10.3-2021.10/bin/../lib/gcc/arm-none-eabi/13.3.1/thumb/v7-m/nofp\libg.a(libc_a-findfp.o)
                              C:/CLionToolchains/gcc-arm-none-eabi-10.3-2021.10/bin/../lib/gcc/arm-none-eabi/13.3.1/thumb/v7-m/nofp\libg.a(libc_a-exit.o) (__stdio_exit_handler)
C:/CLionToolchains/gcc-arm-none-eabi-10.3-2021.10/bin/../lib/gcc/arm-none-eabi/13.3.1/thumb/v7-m/nofp\libg.a(libc_a-fwalk.o)
                              C:/CLionToolchains/gcc-arm-none-eabi-10.3-2021.10/bin/../lib/gcc/arm-none-eabi/13.3.1/thumb/v7-m/nofp\libg.a(libc_a-findfp.o) (_fwalk_sglue)
C:/CLionToolchains/gcc-arm-none-eabi-10.3-2021.10/bin/../lib/gcc/arm-none-eabi/13.3.1/thumb/v7-m/nofp\libg.a(libc_a-stdio.o)
                              C:/CLionToolchains/gcc-arm-none-eabi-10.3-2021.10/bin/../lib/gcc/arm-none-eabi/13.3.1/thumb/v7-m/nofp\libg.a(libc_a-findfp.o) (__sread)
C:/CLionToolchains/gcc-arm-none-eabi-10.3-2021.10/bin/../lib/gcc/arm-none-eabi/13.3.1/thumb/v7-m/nofp\libg.a(libc_a-memset.o)
                              C:/CLionToolchains/gcc-arm-none-eabi-10.3-2021.10/bin/../lib/gcc/arm-none-eabi/13.3.1/thumb/v7-m/nofp/crt0.o (memset)
C:/CLionToolchains/gcc-arm-none-eabi-10.3-2021.10/bin/../lib/gcc/arm-none-eabi/13.3.1/thumb/v7-m/nofp\libg.a(libc_a-closer.o)
                              C:/CLionToolchains/gcc-arm-none-eabi-10.3-2021.10/bin/../lib/gcc/arm-none-eabi/13.3.1/thumb/v7-m/nofp\libg.a(libc_a-stdio.o) (_close_r)
C:/CLionToolchains/gcc-arm-none-eabi-10.3-2021.10/bin/../lib/gcc/arm-none-eabi/13.3.1/thumb/v7-m/nofp\libg.a(libc_a-reent.o)
                              C:/CLionToolchains/gcc-arm-none-eabi-10.3-2021.10/bin/../lib/gcc/arm-none-eabi/13.3.1/thumb/v7-m/nofp\libg.a(libc_a-closer.o) (errno)
C:/CLionToolchains/gcc-arm-none-eabi-10.3-2021.10/bin/../lib/gcc/arm-none-eabi/13.3.1/thumb/v7-m/nofp\libg.a(libc_a-impure.o)
                              C:/CLionToolchains/gcc-arm-none-eabi-10.3-2021.10/bin/../lib/gcc/arm-none-eabi/13.3.1/thumb/v7-m/nofp\libg.a(libc_a-reent.o) (_impure_ptr)
C:/CLionToolchains/gcc-arm-none-eabi-10.3-2021.10/bin/../lib/gcc/arm-none-eabi/13.3.1/thumb/v7-m/nofp\libg.a(libc_a-lseekr.o)
                              C:/CLionToolchains/gcc-arm-none-eabi-10.3-2021.10/bin/../lib/gcc/arm-none-eabi/13.3.1/thumb/v7-m/nofp\libg.a(libc_a-stdio.o) (_lseek_r)
C:/CLionToolchains/gcc-arm-none-eabi-10.3-2021.10/bin/../lib/gcc/arm-none-eabi/13.3.1/thumb/v7-m/nofp\libg.a(libc_a-readr.o)
                              C:/CLionToolchains/gcc-arm-none-eabi-10.3-2021.10/bin/../lib/gcc/arm-none-eabi/13.3.1/thumb/v7-m/nofp\libg.a(libc_a-stdio.o) (_read_r)
C:/CLionToolchains/gcc-arm-none-eabi-10.3-2021.10/bin/../lib/gcc/arm-none-eabi/13.3.1/thumb/v7-m/nofp\libg.a(libc_a-writer.o)
                              C:/CLionToolchains/gcc-arm-none-eabi-10.3-2021.10/bin/../lib/gcc/arm-none-eabi/13.3.1/thumb/v7-m/nofp\libg.a(libc_a-stdio.o) (_write_r)
C:/CLionToolchains/gcc-arm-none-eabi-10.3-2021.10/bin/../lib/gcc/arm-none-eabi/13.3.1/thumb/v7-m/nofp\libg.a(libc_a-errno.o)
                              CMakeFiles/power_meter.elf.dir/Core/Src/syscalls.c.obj (__errno)
C:/CLionToolchains/gcc-arm-none-eabi-10.3-2021.10/bin/../lib/gcc/arm-none-eabi/13.3.1/thumb/v7-m/nofp\libg.a(libc_a-init.o)
                              C:/CLionToolchains/gcc-arm-none-eabi-10.3-2021.10/bin/../lib/gcc/arm-none-eabi/13.3.1/thumb/v7-m/nofp/crt0.o (__libc_init_array)
C:/CLionToolchains/gcc-arm-none-eabi-10.3-2021.10/bin/../lib/gcc/arm-none-eabi/13.3.1/thumb/v7-m/nofp\libg.a(libc_a-lock.o)
                              C:/CLionToolchains/gcc-arm-none-eabi-10.3-2021.10/bin/../lib/gcc/arm-none-eabi/13.3.1/thumb/v7-m/nofp\libg.a(libc_a-findfp.o) (__retarget_lock_init_recursive)
C:/CLionToolchains/gcc-arm-none-eabi-10.3-2021.10/bin/../lib/gcc/arm-none-eabi/13.3.1/thumb/v7-m/nofp\libg.a(libc_a-__call_atexit.o)
                              C:/CLionToolchains/gcc-arm-none-eabi-10.3-2021.10/bin/../lib/gcc/arm-none-eabi/13.3.1/thumb/v7-m/nofp\libg.a(libc_a-exit.o) (__call_exitprocs)
C:/CLionToolchains/gcc-arm-none-eabi-10.3-2021.10/bin/../lib/gcc/arm-none-eabi/13.3.1/thumb/v7-m/nofp\libg.a(libc_a-atexit.o)
                              C:/CLionToolchains/gcc-arm-none-eabi-10.3-2021.10/bin/../lib/gcc/arm-none-eabi/13.3.1/thumb/v7-m/nofp\libg.a(libc_a-__call_atexit.o) (atexit)
C:/CLionToolchains/gcc-arm-none-eabi-10.3-2021.10/bin/../lib/gcc/arm-none-eabi/13.3.1/thumb/v7-m/nofp\libg.a(libc_a-freer.o)
                              C:/CLionToolchains/gcc-arm-none-eabi-10.3-2021.10/bin/../lib/gcc/arm-none-eabi/13.3.1/thumb/v7-m/nofp\libg.a(libc_a-reent.o) (_free_r)
[...]
Memory Configuration

Name             Origin             Length             Attributes
RAM              0x20000000         0x00005000         xrw
FLASH            0x08000000         0x00010000         xr
*default*        0x00000000         0xffffffff

Linker script and memory map

LOAD C:/CLionToolchains/gcc-arm-none-eabi-10.3-2021.10/bin/../lib/gcc/arm-none-eabi/13.3.1/thumb/v7-m/nofp/crti.o
LOAD C:/CLionToolchains/gcc-arm-none-eabi-10.3-2021.10/bin/../lib/gcc/arm-none-eabi/13.3.1/thumb/v7-m/nofp/crtbegin.o
LOAD C:/CLionToolchains/gcc-arm-none-eabi-10.3-2021.10/bin/../lib/gcc/arm-none-eabi/13.3.1/thumb/v7-m/nofp/crt0.o
LOAD CMakeFiles/power_meter.elf.dir/Core/Src/gpio.c.obj
LOAD CMakeFiles/power_meter.elf.dir/Core/Src/main.c.obj
LOAD CMakeFiles/power_meter.elf.dir/Core/Src/stm32f1xx_hal_msp.c.obj
LOAD CMakeFiles/power_meter.elf.dir/Core/Src/stm32f1xx_it.c.obj
LOAD CMakeFiles/power_meter.elf.dir/Core/Src/syscalls.c.obj
LOAD CMakeFiles/power_meter.elf.dir/Core/Src/sysmem.c.obj
LOAD CMakeFiles/power_meter.elf.dir/Core/Src/system_stm32f1xx.c.obj
LOAD CMakeFiles/power_meter.elf.dir/Core/Startup/startup_stm32f103c8tx.s.obj
LOAD CMakeFiles/power_meter.elf.dir/Drivers/STM32F1xx_HAL_Driver/Src/stm32f1xx_hal.c.obj
LOAD CMakeFiles/power_meter.elf.dir/Drivers/STM32F1xx_HAL_Driver/Src/stm32f1xx_hal_cortex.c.obj
LOAD CMakeFiles/power_meter.elf.dir/Drivers/STM32F1xx_HAL_Driver/Src/stm32f1xx_hal_dma.c.obj
LOAD CMakeFiles/power_meter.elf.dir/Drivers/STM32F1xx_HAL_Driver/Src/stm32f1xx_hal_exti.c.obj
LOAD CMakeFiles/power_meter.elf.dir/Drivers/STM32F1xx_HAL_Driver/Src/stm32f1xx_hal_flash.c.obj
LOAD CMakeFiles/power_meter.elf.dir/Drivers/STM32F1xx_HAL_Driver/Src/stm32f1xx_hal_flash_ex.c.obj
LOAD CMakeFiles/power_meter.elf.dir/Drivers/STM32F1xx_HAL_Driver/Src/stm32f1xx_hal_gpio.c.obj
LOAD CMakeFiles/power_meter.elf.dir/Drivers/STM32F1xx_HAL_Driver/Src/stm32f1xx_hal_gpio_ex.c.obj
LOAD CMakeFiles/power_meter.elf.dir/Drivers/STM32F1xx_HAL_Driver/Src/stm32f1xx_hal_pwr.c.obj
LOAD CMakeFiles/power_meter.elf.dir/Drivers/STM32F1xx_HAL_Driver/Src/stm32f1xx_hal_rcc.c.obj
LOAD CMakeFiles/power_meter.elf.dir/Drivers/STM32F1xx_HAL_Driver/Src/stm32f1xx_hal_rcc_ex.c.obj
LOAD CMakeFiles/power_meter.elf.dir/Drivers/STM32F1xx_HAL_Driver/Src/stm32f1xx_hal_tim.c.obj
LOAD CMakeFiles/power_meter.elf.dir/Drivers/STM32F1xx_HAL_Driver/Src/stm32f1xx_hal_tim_ex.c.obj
START GROUP
LOAD C:/CLionToolchains/gcc-arm-none-eabi-10.3-2021.10/bin/../lib/gcc/arm-none-eabi/13.3.1/thumb/v7-m/nofp\libgcc.a
LOAD C:/CLionToolchains/gcc-arm-none-eabi-10.3-2021.10/bin/../lib/gcc/arm-none-eabi/13.3.1/thumb/v7-m/nofp\libg.a
LOAD C:/CLionToolchains/gcc-arm-none-eabi-10.3-2021.10/bin/../lib/gcc/arm-none-eabi/13.3.1/thumb/v7-m/nofp\libc.a
END GROUP
LOAD C:/CLionToolchains/gcc-arm-none-eabi-10.3-2021.10/bin/../lib/gcc/arm-none-eabi/13.3.1/thumb/v7-m/nofp/crtend.o
LOAD C:/CLionToolchains/gcc-arm-none-eabi-10.3-2021.10/bin/../lib/gcc/arm-none-eabi/13.3.1/thumb/v7-m/nofp/crtn.o
                0x20005000                        _estack = (ORIGIN (RAM) + LENGTH (RAM))
                0x00000200                        _Min_Heap_Size = 0x200
                0x00000400                        _Min_Stack_Size = 0x400

.isr_vector     0x08000000      0x10c
                0x08000000                        . = ALIGN (0x4)
 *(.isr_vector)
 .isr_vector    0x08000000      0x10c CMakeFiles/power_meter.elf.dir/Core/Startup/startup_stm32f103c8tx.s.obj
                0x08000000                g_pfnVectors
                0x0800010c                        . = ALIGN (0x4)

.text           0x0800010c      0xddc
                0x0800010c                        . = ALIGN (0x4)
 *(.text)
 *(.text*)
 .text.deregister_tm_clones
                0x0800010c       0x1c C:/CLionToolchains/gcc-arm-none-eabi-10.3-2021.10/bin/../lib/gcc/arm-none-eabi/13.3.1/thumb/v7-m/nofp/crtbegin.o
 .text.register_tm_clones
                0x08000128       0x24 C:/CLionToolchains/gcc-arm-none-eabi-10.3-2021.10/bin/../lib/gcc/arm-none-eabi/13.3.1/thumb/v7-m/nofp/crtbegin.o
 .text.__do_global_dtors_aux
                0x0800014c       0x28 C:/CLionToolchains/gcc-arm-none-eabi-10.3-2021.10/bin/../lib/gcc/arm-none-eabi/13.3.1/thumb/v7-m/nofp/crtbegin.o
 .text.frame_dummy
                0x08000174       0x24 C:/CLionToolchains/gcc-arm-none-eabi-10.3-2021.10/bin/../lib/gcc/arm-none-eabi/13.3.1/thumb/v7-m/nofp/crtbegin.o
 .text.MX_GPIO_Init
                0x08000198       0x78 CMakeFiles/power_meter.elf.dir/Core/Src/gpio.c.obj
                0x08000198                MX_GPIO_Init
 .text.Error_Handler
                0x08000210        0x4 CMakeFiles/power_meter.elf.dir/Core/Src/main.c.obj
                0x08000210                Error_Handler
 .text.SystemClock_Config
                0x08000214       0x64 CMakeFiles/power_meter.elf.dir/Core/Src/main.c.obj
                0x08000214                SystemClock_Config
 .text.main     0x08000278       0x24 CMakeFiles/power_meter.elf.dir/Core/Src/main.c.obj
                0x08000278                main
 .text.HAL_MspInit
                0x0800029c       0x44 CMakeFiles/power_meter.elf.dir/Core/Src/stm32f1xx_hal_msp.c.obj
                0x0800029c                HAL_MspInit
 .text.NMI_Handler
                0x080002e0        0x2 CMakeFiles/power_meter.elf.dir/Core/Src/stm32f1xx_it.c.obj
                0x080002e0                NMI_Handler
 .text.HardFault_Handler
                0x080002e2        0x2 CMakeFiles/power_meter.elf.dir/Core/Src/stm32f1xx_it.c.obj
                0x080002e2                HardFault_Handler
 .text.MemManage_Handler
                0x080002e4        0x2 CMakeFiles/power_meter.elf.dir/Core/Src/stm32f1xx_it.c.obj
                0x080002e4                MemManage_Handler
 .text.BusFault_Handler
                0x080002e6        0x2 CMakeFiles/power_meter.elf.dir/Core/Src/stm32f1xx_it.c.obj
                0x080002e6                BusFault_Handler
 .text.UsageFault_Handler
                0x080002e8        0x2 CMakeFiles/power_meter.elf.dir/Core/Src/stm32f1xx_it.c.obj
                0x080002e8                UsageFault_Handler
 .text.SVC_Handler
                0x080002ea        0x2 CMakeFiles/power_meter.elf.dir/Core/Src/stm32f1xx_it.c.obj
                0x080002ea                SVC_Handler
 .text.DebugMon_Handler
                0x080002ec        0x2 CMakeFiles/power_meter.elf.dir/Core/Src/stm32f1xx_it.c.obj
                0x080002ec                DebugMon_Handler
 .text.PendSV_Handler
                0x080002ee        0x2 CMakeFiles/power_meter.elf.dir/Core/Src/stm32f1xx_it.c.obj
                0x080002ee                PendSV_Handler
 .text.SysTick_Handler
                0x080002f0        0x8 CMakeFiles/power_meter.elf.dir/Core/Src/stm32f1xx_it.c.obj
                0x080002f0                SysTick_Handler
 .text.SystemInit
                0x080002f8        0x2 CMakeFiles/power_meter.elf.dir/Core/Src/system_stm32f1xx.c.obj
                0x080002f8                SystemInit
 *fill*         0x080002fa        0x2 
 .text.Reset_Handler
                0x080002fc       0x48 CMakeFiles/power_meter.elf.dir/Core/Startup/startup_stm32f103c8tx.s.obj
                0x080002fc                Reset_Handler
 .text.Default_Handler
                0x08000344        0x2 CMakeFiles/power_meter.elf.dir/Core/Startup/startup_stm32f103c8tx.s.obj
                0x08000344                RTC_Alarm_IRQHandler
                0x08000344                EXTI2_IRQHandler
                0x08000344                TIM1_CC_IRQHandler
                0x08000344                PVD_IRQHandler
                0x08000344                EXTI3_IRQHandler
                0x08000344                EXTI0_IRQHandler
                0x08000344                I2C2_EV_IRQHandler
                0x08000344                ADC1_2_IRQHandler
                0x08000344                SPI1_IRQHandler
                0x08000344                TAMPER_IRQHandler
                0x08000344                DMA1_Channel4_IRQHandler
                0x08000344                USART3_IRQHandler
                0x08000344                RTC_IRQHandler
                0x08000344                DMA1_Channel7_IRQHandler
                0x08000344                CAN1_RX1_IRQHandler
                0x08000344                TIM4_IRQHandler
                0x08000344                I2C1_EV_IRQHandler
                0x08000344                DMA1_Channel6_IRQHandler
                0x08000344                TIM3_IRQHandler
                0x08000344                RCC_IRQHandler
                0x08000344                TIM1_TRG_COM_IRQHandler
                0x08000344                DMA1_Channel1_IRQHandler
                0x08000344                Default_Handler
                0x08000344                EXTI15_10_IRQHandler
                0x08000344                EXTI9_5_IRQHandler
                0x08000344                SPI2_IRQHandler
                0x08000344                DMA1_Channel5_IRQHandler
                0x08000344                EXTI4_IRQHandler
                0x08000344                USB_LP_CAN1_RX0_IRQHandler
                0x08000344                USB_HP_CAN1_TX_IRQHandler
                0x08000344                DMA1_Channel3_IRQHandler
                0x08000344                TIM1_UP_IRQHandler
                0x08000344                WWDG_IRQHandler
                0x08000344                TIM2_IRQHandler
                0x08000344                TIM1_BRK_IRQHandler
                0x08000344                EXTI1_IRQHandler
                0x08000344                USART2_IRQHandler
                0x08000344                I2C2_ER_IRQHandler
                0x08000344                DMA1_Channel2_IRQHandler
                0x08000344                CAN1_SCE_IRQHandler
                0x08000344                FLASH_IRQHandler
                0x08000344                USART1_IRQHandler
                0x08000344                I2C1_ER_IRQHandler
                0x08000344                USBWakeUp_IRQHandler
 *fill*         0x08000346        0x2 
 .text.HAL_InitTick
                0x08000348       0x4c CMakeFiles/power_meter.elf.dir/Drivers/STM32F1xx_HAL_Driver/Src/stm32f1xx_hal.c.obj
                0x08000348                HAL_InitTick
 .text.HAL_Init
                0x08000394       0x24 CMakeFiles/power_meter.elf.dir/Drivers/STM32F1xx_HAL_Driver/Src/stm32f1xx_hal.c.obj
                0x08000394                HAL_Init
 .text.HAL_IncTick
                0x080003b8       0x18 CMakeFiles/power_meter.elf.dir/Drivers/STM32F1xx_HAL_Driver/Src/stm32f1xx_hal.c.obj
                0x080003b8                HAL_IncTick
 .text.HAL_GetTick
                0x080003d0        0xc CMakeFiles/power_meter.elf.dir/Drivers/STM32F1xx_HAL_Driver/Src/stm32f1xx_hal.c.obj
                0x080003d0                HAL_GetTick
 .text.HAL_Delay
                0x080003dc       0x28 CMakeFiles/power_meter.elf.dir/Drivers/STM32F1xx_HAL_Driver/Src/stm32f1xx_hal.c.obj
                0x080003dc                HAL_Delay
 .text.__NVIC_SetPriority
                0x08000404       0x28 CMakeFiles/power_meter.elf.dir/Drivers/STM32F1xx_HAL_Driver/Src/stm32f1xx_hal_cortex.c.obj
 .text.NVIC_EncodePriority
                0x0800042c       0x3e CMakeFiles/power_meter.elf.dir/Drivers/STM32F1xx_HAL_Driver/Src/stm32f1xx_hal_cortex.c.obj
 *fill*         0x0800046a        0x2 
 .text.HAL_NVIC_SetPriorityGrouping
                0x0800046c       0x24 CMakeFiles/power_meter.elf.dir/Drivers/STM32F1xx_HAL_Driver/Src/stm32f1xx_hal_cortex.c.obj
                0x0800046c                HAL_NVIC_SetPriorityGrouping
 .text.HAL_NVIC_SetPriority
                0x08000490       0x20 CMakeFiles/power_meter.elf.dir/Drivers/STM32F1xx_HAL_Driver/Src/stm32f1xx_hal_cortex.c.obj
                0x08000490                HAL_NVIC_SetPriority
 .text.HAL_SYSTICK_Config
                0x080004b0       0x28 CMakeFiles/power_meter.elf.dir/Drivers/STM32F1xx_HAL_Driver/Src/stm32f1xx_hal_cortex.c.obj
                0x080004b0                HAL_SYSTICK_Config
 .text.HAL_GPIO_Init
                0x080004d8      0x21c CMakeFiles/power_meter.elf.dir/Drivers/STM32F1xx_HAL_Driver/Src/stm32f1xx_hal_gpio.c.obj
                0x080004d8                HAL_GPIO_Init
 .text.HAL_GPIO_WritePin
                0x080006f4        0xc CMakeFiles/power_meter.elf.dir/Drivers/STM32F1xx_HAL_Driver/Src/stm32f1xx_hal_gpio.c.obj
                0x080006f4                HAL_GPIO_WritePin
 .text.HAL_GPIO_TogglePin
                0x08000700       0x12 CMakeFiles/power_meter.elf.dir/Drivers/STM32F1xx_HAL_Driver/Src/stm32f1xx_hal_gpio.c.obj
                0x08000700                HAL_GPIO_TogglePin
 *fill*         0x08000712        0x2 
 .text.RCC_Delay
                0x08000714       0x2c CMakeFiles/power_meter.elf.dir/Drivers/STM32F1xx_HAL_Driver/Src/stm32f1xx_hal_rcc.c.obj
 .text.HAL_RCC_OscConfig
                0x08000740      0x410 CMakeFiles/power_meter.elf.dir/Drivers/STM32F1xx_HAL_Driver/Src/stm32f1xx_hal_rcc.c.obj
                0x08000740                HAL_RCC_OscConfig
 .text.HAL_RCC_GetSysClockFreq
                0x08000b50       0x54 CMakeFiles/power_meter.elf.dir/Drivers/STM32F1xx_HAL_Driver/Src/stm32f1xx_hal_rcc.c.obj
                0x08000b50                HAL_RCC_GetSysClockFreq
 .text.HAL_RCC_ClockConfig
                0x08000ba4      0x16c CMakeFiles/power_meter.elf.dir/Drivers/STM32F1xx_HAL_Driver/Src/stm32f1xx_hal_rcc.c.obj
                0x08000ba4                HAL_RCC_ClockConfig
 .text.memset   0x08000d10       0xa0 C:/CLionToolchains/gcc-arm-none-eabi-10.3-2021.10/bin/../lib/gcc/arm-none-eabi/13.3.1/thumb/v7-m/nofp\libg.a(libc_a-memset.o)
                0x08000d10                memset
 .text.__libc_init_array
                0x08000db0       0x50 C:/CLionToolchains/gcc-arm-none-eabi-10.3-2021.10/bin/../lib/gcc/arm-none-eabi/13.3.1/thumb/v7-m/nofp\libg.a(libc_a-init.o)
                0x08000db0                __libc_init_array
 .text.__retarget_lock_acquire_recursive
                0x08000e00        0x4 C:/CLionToolchains/gcc-arm-none-eabi-10.3-2021.10/bin/../lib/gcc/arm-none-eabi/13.3.1/thumb/v7-m/nofp\libg.a(libc_a-lock.o)
                0x08000e00                __retarget_lock_acquire_recursive
 .text.__retarget_lock_release_recursive
                0x08000e04        0x4 C:/CLionToolchains/gcc-arm-none-eabi-10.3-2021.10/bin/../lib/gcc/arm-none-eabi/13.3.1/thumb/v7-m/nofp\libg.a(libc_a-lock.o)
                0x08000e04                __retarget_lock_release_recursive
 .text.startup.register_fini
                0x08000e08       0x14 C:/CLionToolchains/gcc-arm-none-eabi-10.3-2021.10/bin/../lib/gcc/arm-none-eabi/13.3.1/thumb/v7-m/nofp\libg.a(libc_a-__call_atexit.o)
 .text.atexit   0x08000e1c        0xc C:/CLionToolchains/gcc-arm-none-eabi-10.3-2021.10/bin/../lib/gcc/arm-none-eabi/13.3.1/thumb/v7-m/nofp\libg.a(libc_a-atexit.o)
                0x08000e1c                atexit
 .text.__libc_fini_array
                0x08000e28       0x28 C:/CLionToolchains/gcc-arm-none-eabi-10.3-2021.10/bin/../lib/gcc/arm-none-eabi/13.3.1/thumb/v7-m/nofp\libg.a(libc_a-fini.o)
                0x08000e28                __libc_fini_array
 .text.__register_exitproc
                0x08000e50       0x80 C:/CLionToolchains/gcc-arm-none-eabi-10.3-2021.10/bin/../lib/gcc/arm-none-eabi/13.3.1/thumb/v7-m/nofp\libg.a(libc_a-__atexit.o)
                0x08000e50                __register_exitproc
 *(.glue_7)
 .glue_7        0x08000ed0        0x0 linker stubs
 *(.glue_7t)
 .glue_7t       0x08000ed0        0x0 linker stubs
 *(.eh_frame)
 .eh_frame      0x08000ed0        0x0 C:/CLionToolchains/gcc-arm-none-eabi-10.3-2021.10/bin/../lib/gcc/arm-none-eabi/13.3.1/thumb/v7-m/nofp/crtbegin.o
 *(.init)
 .init          0x08000ed0        0x4 C:/CLionToolchains/gcc-arm-none-eabi-10.3-2021.10/bin/../lib/gcc/arm-none-eabi/13.3.1/thumb/v7-m/nofp/crti.o
                0x08000ed0                _init
 .init          0x08000ed4        0x8 C:/CLionToolchains/gcc-arm-none-eabi-10.3-2021.10/bin/../lib/gcc/arm-none-eabi/13.3.1/thumb/v7-m/nofp/crtn.o
 *(.fini)
 .fini          0x08000edc        0x4 C:/CLionToolchains/gcc-arm-none-eabi-10.3-2021.10/bin/../lib/gcc/arm-none-eabi/13.3.1/thumb/v7-m/nofp/crti.o
                0x08000edc                _fini
 .fini          0x08000ee0        0x8 C:/CLionToolchains/gcc-arm-none-eabi-10.3-2021.10/bin/../lib/gcc/arm-none-eabi/13.3.1/thumb/v7-m/nofp/crtn.o
                0x08000ee8                        . = ALIGN (0x4)
                0x08000ee8                        _etext = .

.vfp11_veneer   0x08000ee8        0x0
 .vfp11_veneer  0x08000ee8        0x0 linker stubs

.v4_bx          0x08000ee8        0x0
 .v4_bx         0x08000ee8        0x0 linker stubs

.iplt           0x08000ee8        0x0
 .iplt          0x08000ee8        0x0 C:/CLionToolchains/gcc-arm-none-eabi-10.3-2021.10/bin/../lib/gcc/arm-none-eabi/13.3.1/thumb/v7-m/nofp/crtbegin.o

.rodata         0x08000ee8       0x24
                0x08000ee8                        . = ALIGN (0x4)
 *(.rodata)
 *(.rodata*)
 .rodata.AHBPrescTable
                0x08000ee8       0x10 CMakeFiles/power_meter.elf.dir/Core/Src/system_stm32f1xx.c.obj
                0x08000ee8                AHBPrescTable
 .rodata.aPredivFactorTable.0
                0x08000ef8        0x2 CMakeFiles/power_meter.elf.dir/Drivers/STM32F1xx_HAL_Driver/Src/stm32f1xx_hal_rcc.c.obj
 *fill*         0x08000efa        0x2 
 .rodata.aPLLMULFactorTable.1
                0x08000efc       0x10 CMakeFiles/power_meter.elf.dir/Drivers/STM32F1xx_HAL_Driver/Src/stm32f1xx_hal_rcc.c.obj
                0x08000f0c                        . = ALIGN (0x4)

.ARM.extab      0x08000f0c        0x0
                0x08000f0c                        . = ALIGN (0x4)
 *(.ARM.extab* .gnu.linkonce.armextab.*)
                0x08000f0c                        . = ALIGN (0x4)

.ARM            0x08000f0c        0x0
                0x08000f0c                        . = ALIGN (0x4)
                0x08000f0c                        __exidx_start = .
 *(.ARM.exidx*)
                0x08000f0c                        __exidx_end = .
                0x08000f0c                        . = ALIGN (0x4)

.preinit_array  0x08000f0c        0x0
                0x08000f0c                        . = ALIGN (0x4)
                0x08000f0c                        PROVIDE (__preinit_array_start = .)
 *(.preinit_array*)
                0x08000f0c                        PROVIDE (__preinit_array_end = .)
                0x08000f0c                        . = ALIGN (0x4)

.init_array     0x08000f0c        0x8
                0x08000f0c                        . = ALIGN (0x4)
                0x08000f0c                        PROVIDE (__init_array_start = .)
 *(SORT_BY_NAME(.init_array.*))
 .init_array.00000
                0x08000f0c        0x4 C:/CLionToolchains/gcc-arm-none-eabi-10.3-2021.10/bin/../lib/gcc/arm-none-eabi/13.3.1/thumb/v7-m/nofp\libg.a(libc_a-__call_atexit.o)
 *(.init_array*)
 .init_array    0x08000f10        0x4 C:/CLionToolchains/gcc-arm-none-eabi-10.3-2021.10/bin/../lib/gcc/arm-none-eabi/13.3.1/thumb/v7-m/nofp/crtbegin.o
                0x08000f14                        PROVIDE (__init_array_end = .)
                0x08000f14                        . = ALIGN (0x4)

.fini_array     0x08000f14        0x4
                0x08000f14                        . = ALIGN (0x4)
                0x08000f14                        PROVIDE (__fini_array_start = .)
 *(SORT_BY_NAME(.fini_array.*))
 *(.fini_array*)
 .fini_array    0x08000f14        0x4 C:/CLionToolchains/gcc-arm-none-eabi-10.3-2021.10/bin/../lib/gcc/arm-none-eabi/13.3.1/thumb/v7-m/nofp/crtbegin.o
                0x08000f18                        PROVIDE (__fini_array_end = .)
                0x08000f18                        . = ALIGN (0x4)
                0x08000f18                        _sidata = LOADADDR (.data)

.rel.dyn        0x08000f18        0x0
 .rel.iplt      0x08000f18        0x0 C:/CLionToolchains/gcc-arm-none-eabi-10.3-2021.10/bin/../lib/gcc/arm-none-eabi/13.3.1/thumb/v7-m/nofp/crtbegin.o

.data           0x20000000       0x10 load address 0x08000f18
                0x20000000                        . = ALIGN (0x4)
                0x20000000                        _sdata = .
 *(.data)
 *(.data*)
 .data.SystemCoreClock
                0x20000000        0x4 CMakeFiles/power_meter.elf.dir/Core/Src/system_stm32f1xx.c.obj
                0x20000000                SystemCoreClock
 .data.uwTickFreq
                0x20000004        0x1 CMakeFiles/power_meter.elf.dir/Drivers/STM32F1xx_HAL_Driver/Src/stm32f1xx_hal.c.obj
                0x20000004                uwTickFreq
 *fill*         0x20000005        0x3 
 .data.uwTickPrio
                0x20000008        0x4 CMakeFiles/power_meter.elf.dir/Drivers/STM32F1xx_HAL_Driver/Src/stm32f1xx_hal.c.obj
                0x20000008                uwTickPrio
 .data.__atexit_recursive_mutex
                0x2000000c        0x4 C:/CLionToolchains/gcc-arm-none-eabi-10.3-2021.10/bin/../lib/gcc/arm-none-eabi/13.3.1/thumb/v7-m/nofp\libg.a(libc_a-__call_atexit.o)
                0x2000000c                __atexit_recursive_mutex
 *(.RamFunc)
 *(.RamFunc*)
                0x20000010                        . = ALIGN (0x4)
                0x20000010                        _edata = .

.tm_clone_table
                0x20000010        0x0 load address 0x08000f28
 .tm_clone_table
                0x20000010        0x0 C:/CLionToolchains/gcc-arm-none-eabi-10.3-2021.10/bin/../lib/gcc/arm-none-eabi/13.3.1/thumb/v7-m/nofp/crtbegin.o
 .tm_clone_table
                0x20000010        0x0 C:/CLionToolchains/gcc-arm-none-eabi-10.3-2021.10/bin/../lib/gcc/arm-none-eabi/13.3.1/thumb/v7-m/nofp/crtend.o

.igot.plt       0x20000010        0x0 load address 0x08000f28
 .igot.plt      0x20000010        0x0 C:/CLionToolchains/gcc-arm-none-eabi-10.3-2021.10/bin/../lib/gcc/arm-none-eabi/13.3.1/thumb/v7-m/nofp/crtbegin.o
                0x20000010                        . = ALIGN (0x4)

.bss            0x20000010      0x1b8 load address 0x08000f28
                0x20000010                        _sbss = .
                0x20000010                        __bss_start__ = _sbss
 *(.bss)
 *(.bss*)
 .bss.completed.1
                0x20000010        0x1 C:/CLionToolchains/gcc-arm-none-eabi-10.3-2021.10/bin/../lib/gcc/arm-none-eabi/13.3.1/thumb/v7-m/nofp/crtbegin.o
 *fill*         0x20000011        0x3 
 .bss.object.0  0x20000014       0x18 C:/CLionToolchains/gcc-arm-none-eabi-10.3-2021.10/bin/../lib/gcc/arm-none-eabi/13.3.1/thumb/v7-m/nofp/crtbegin.o
 .bss.uwTick    0x2000002c        0x4 CMakeFiles/power_meter.elf.dir/Drivers/STM32F1xx_HAL_Driver/Src/stm32f1xx_hal.c.obj
                0x2000002c                uwTick
 .bss.__lock___atexit_recursive_mutex
                0x20000030        0x1 C:/CLionToolchains/gcc-arm-none-eabi-10.3-2021.10/bin/../lib/gcc/arm-none-eabi/13.3.1/thumb/v7-m/nofp\libg.a(libc_a-lock.o)
                0x20000030                __lock___atexit_recursive_mutex
 *fill*         0x20000031        0x3 
 .bss.__atexit  0x20000034        0x4 C:/CLionToolchains/gcc-arm-none-eabi-10.3-2021.10/bin/../lib/gcc/arm-none-eabi/13.3.1/thumb/v7-m/nofp\libg.a(libc_a-__call_atexit.o)
                0x20000034                __atexit
 .bss.__atexit0
                0x20000038      0x190 C:/CLionToolchains/gcc-arm-none-eabi-10.3-2021.10/bin/../lib/gcc/arm-none-eabi/13.3.1/thumb/v7-m/nofp\libg.a(libc_a-__atexit.o)
                0x20000038                __atexit0
 *(COMMON)
                0x200001c8                        . = ALIGN (0x4)
                0x200001c8                        _ebss = .
                0x200001c8                        __bss_end__ = _ebss

._user_heap_stack
                0x200001c8      0x600 load address 0x08000f28
                0x200001c8                        . = ALIGN (0x8)
                [!provide]                        PROVIDE (end = .)
                0x200001c8                        PROVIDE (_end = .)
                0x200003c8                        . = (. + _Min_Heap_Size)
 *fill*         0x200001c8      0x200 
                0x200007c8                        . = (. + _Min_Stack_Size)
 *fill*         0x200003c8      0x400 
                0x200007c8                        . = ALIGN (0x8)

/DISCARD/
 libc.a(*)
 libm.a(*)
 libgcc.a(*)

.ARM.attributes
                0x00000000       0x29
 *(.ARM.attributes)
 .ARM.attributes
                0x00000000       0x1d C:/CLionToolchains/gcc-arm-none-eabi-10.3-2021.10/bin/../lib/gcc/arm-none-eabi/13.3.1/thumb/v7-m/nofp/crti.o
 .ARM.attributes
                0x0000001d       0x2d C:/CLionToolchains/gcc-arm-none-eabi-10.3-2021.10/bin/../lib/gcc/arm-none-eabi/13.3.1/thumb/v7-m/nofp/crtbegin.o
 .ARM.attributes
                0x0000004a       0x2d CMakeFiles/power_meter.elf.dir/Core/Src/gpio.c.obj
 .ARM.attributes
                0x00000077       0x2d CMakeFiles/power_meter.elf.dir/Core/Src/main.c.obj
 .ARM.attributes
                0x000000a4       0x2d CMakeFiles/power_meter.elf.dir/Core/Src/stm32f1xx_hal_msp.c.obj
 .ARM.attributes
                0x000000d1       0x2d CMakeFiles/power_meter.elf.dir/Core/Src/stm32f1xx_it.c.obj
 .ARM.attributes
                0x000000fe       0x2d CMakeFiles/power_meter.elf.dir/Core/Src/system_stm32f1xx.c.obj
 .ARM.attributes
                0x0000012b       0x21 CMakeFiles/power_meter.elf.dir/Core/Startup/startup_stm32f103c8tx.s.obj
 .ARM.attributes
                0x0000014c       0x2d CMakeFiles/power_meter.elf.dir/Drivers/STM32F1xx_HAL_Driver/Src/stm32f1xx_hal.c.obj
 .ARM.attributes
                0x00000179       0x2d CMakeFiles/power_meter.elf.dir/Drivers/STM32F1xx_HAL_Driver/Src/stm32f1xx_hal_cortex.c.obj
 .ARM.attributes
                0x000001a6       0x2d CMakeFiles/power_meter.elf.dir/Drivers/STM32F1xx_HAL_Driver/Src/stm32f1xx_hal_gpio.c.obj
 .ARM.attributes
                0x000001d3       0x2d CMakeFiles/power_meter.elf.dir/Drivers/STM32F1xx_HAL_Driver/Src/stm32f1xx_hal_rcc.c.obj
 .ARM.attributes
                0x00000200       0x2d C:/CLionToolchains/gcc-arm-none-eabi-10.3-2021.10/bin/../lib/gcc/arm-none-eabi/13.3.1/thumb/v7-m/nofp\libg.a(libc_a-memset.o)
 .ARM.attributes
                0x0000022d       0x2d C:/CLionToolchains/gcc-arm-none-eabi-10.3-2021.10/bin/../lib/gcc/arm-none-eabi/13.3.1/thumb/v7-m/nofp\libg.a(libc_a-init.o)
 .ARM.attributes
                0x0000025a       0x2d C:/CLionToolchains/gcc-arm-none-eabi-10.3-2021.10/bin/../lib/gcc/arm-none-eabi/13.3.1/thumb/v7-m/nofp\libg.a(libc_a-lock.o)
 .ARM.attributes
                0x00000287       0x2d C:/CLionToolchains/gcc-arm-none-eabi-10.3-2021.10/bin/../lib/gcc/arm-none-eabi/13.3.1/thumb/v7-m/nofp\libg.a(libc_a-__call_atexit.o)
 .ARM.attributes
                0x000002b4       0x2d C:/CLionToolchains/gcc-arm-none-eabi-10.3-2021.10/bin/../lib/gcc/arm-none-eabi/13.3.1/thumb/v7-m/nofp\libg.a(libc_a-atexit.o)
 .ARM.attributes
                0x000002e1       0x2d C:/CLionToolchains/gcc-arm-none-eabi-10.3-2021.10/bin/../lib/gcc/arm-none-eabi/13.3.1/thumb/v7-m/nofp\libg.a(libc_a-fini.o)
 .ARM.attributes
                0x0000030e       0x2d C:/CLionToolchains/gcc-arm-none-eabi-10.3-2021.10/bin/../lib/gcc/arm-none-eabi/13.3.1/thumb/v7-m/nofp\libg.a(libc_a-__atexit.o)
 .ARM.attributes
                0x0000033b       0x2d C:/CLionToolchains/gcc-arm-none-eabi-10.3-2021.10/bin/../lib/gcc/arm-none-eabi/13.3.1/thumb/v7-m/nofp/crtend.o
 .ARM.attributes
                0x00000368       0x1d C:/CLionToolchains/gcc-arm-none-eabi-10.3-2021.10/bin/../lib/gcc/arm-none-eabi/13.3.1/thumb/v7-m/nofp/crtn.o
OUTPUT(power_meter.elf elf32-littlearm)
LOAD linker stubs
LOAD C:/CLionToolchains/gcc-arm-none-eabi-10.3-2021.10/bin/../lib/gcc/arm-none-eabi/13.3.1/thumb/v7-m/nofp\libc.a
LOAD C:/CLionToolchains/gcc-arm-none-eabi-10.3-2021.10/bin/../lib/gcc/arm-none-eabi/13.3.1/thumb/v7-m/nofp\libm.a
LOAD C:/CLionToolchains/gcc-arm-none-eabi-10.3-2021.10/bin/../lib/gcc/arm-none-eabi/13.3.1/thumb/v7-m/nofp\libgcc.a

.debug_info     0x00000000     0x3097
 .debug_info    0x00000000      0x2ee CMakeFiles/power_meter.elf.dir/Core/Src/gpio.c.obj
 .debug_info    0x000002ee      0x3f5 CMakeFiles/power_meter.elf.dir/Core/Src/main.c.obj
 .debug_info    0x000006e3      0x1f4 CMakeFiles/power_meter.elf.dir/Core/Src/stm32f1xx_hal_msp.c.obj
 .debug_info    0x000008d7      0x11d CMakeFiles/power_meter.elf.dir/Core/Src/stm32f1xx_it.c.obj
 .debug_info    0x000009f4      0x22d CMakeFiles/power_meter.elf.dir/Core/Src/system_stm32f1xx.c.obj
 .debug_info    0x00000c21       0x30 CMakeFiles/power_meter.elf.dir/Core/Startup/startup_stm32f103c8tx.s.obj
 .debug_info    0x00000c51      0x7a2 CMakeFiles/power_meter.elf.dir/Drivers/STM32F1xx_HAL_Driver/Src/stm32f1xx_hal.c.obj
 .debug_info    0x000013f3      0xcd9 CMakeFiles/power_meter.elf.dir/Drivers/STM32F1xx_HAL_Driver/Src/stm32f1xx_hal_cortex.c.obj
 .debug_info    0x000020cc      0x604 CMakeFiles/power_meter.elf.dir/Drivers/STM32F1xx_HAL_Driver/Src/stm32f1xx_hal_gpio.c.obj
 .debug_info    0x000026d0      0x9c7 CMakeFiles/power_meter.elf.dir/Drivers/STM32F1xx_HAL_Driver/Src/stm32f1xx_hal_rcc.c.obj

.debug_abbrev   0x00000000     0x104d
 .debug_abbrev  0x00000000      0x151 CMakeFiles/power_meter.elf.dir/Core/Src/gpio.c.obj
 .debug_abbrev  0x00000151      0x1fb CMakeFiles/power_meter.elf.dir/Core/Src/main.c.obj
 .debug_abbrev  0x0000034c       0xed CMakeFiles/power_meter.elf.dir/Core/Src/stm32f1xx_hal_msp.c.obj
 .debug_abbrev  0x00000439       0x7c CMakeFiles/power_meter.elf.dir/Core/Src/stm32f1xx_it.c.obj
 .debug_abbrev  0x000004b5      0x143 CMakeFiles/power_meter.elf.dir/Core/Src/system_stm32f1xx.c.obj
 .debug_abbrev  0x000005f8       0x24 CMakeFiles/power_meter.elf.dir/Core/Startup/startup_stm32f103c8tx.s.obj
 .debug_abbrev  0x0000061c      0x22d CMakeFiles/power_meter.elf.dir/Drivers/STM32F1xx_HAL_Driver/Src/stm32f1xx_hal.c.obj
 .debug_abbrev  0x00000849      0x36d CMakeFiles/power_meter.elf.dir/Drivers/STM32F1xx_HAL_Driver/Src/stm32f1xx_hal_cortex.c.obj
 .debug_abbrev  0x00000bb6      0x1f7 CMakeFiles/power_meter.elf.dir/Drivers/STM32F1xx_HAL_Driver/Src/stm32f1xx_hal_gpio.c.obj
 .debug_abbrev  0x00000dad      0x2a0 CMakeFiles/power_meter.elf.dir/Drivers/STM32F1xx_HAL_Driver/Src/stm32f1xx_hal_rcc.c.obj

.debug_aranges  0x00000000      0x3a8
 .debug_aranges
                0x00000000       0x20 CMakeFiles/power_meter.elf.dir/Core/Src/gpio.c.obj
 .debug_aranges
                0x00000020       0x30 CMakeFiles/power_meter.elf.dir/Core/Src/main.c.obj
 .debug_aranges
                0x00000050       0x20 CMakeFiles/power_meter.elf.dir/Core/Src/stm32f1xx_hal_msp.c.obj
 .debug_aranges
                0x00000070       0x60 CMakeFiles/power_meter.elf.dir/Core/Src/stm32f1xx_it.c.obj
 .debug_aranges
                0x000000d0       0x28 CMakeFiles/power_meter.elf.dir/Core/Src/system_stm32f1xx.c.obj
 .debug_aranges
                0x000000f8       0x28 CMakeFiles/power_meter.elf.dir/Core/Startup/startup_stm32f103c8tx.s.obj
 .debug_aranges
                0x00000120       0xe0 CMakeFiles/power_meter.elf.dir/Drivers/STM32F1xx_HAL_Driver/Src/stm32f1xx_hal.c.obj
 .debug_aranges
                0x00000200       0xc0 CMakeFiles/power_meter.elf.dir/Drivers/STM32F1xx_HAL_Driver/Src/stm32f1xx_hal_cortex.c.obj
 .debug_aranges
                0x000002c0       0x58 CMakeFiles/power_meter.elf.dir/Drivers/STM32F1xx_HAL_Driver/Src/stm32f1xx_hal_gpio.c.obj
 .debug_aranges
                0x00000318       0x90 CMakeFiles/power_meter.elf.dir/Drivers/STM32F1xx_HAL_Driver/Src/stm32f1xx_hal_rcc.c.obj

.debug_rnglists
                0x00000000      0x2a5
 .debug_rnglists
                0x00000000       0x13 CMakeFiles/power_meter.elf.dir/Core/Src/gpio.c.obj
 .debug_rnglists
                0x00000013       0x1f CMakeFiles/power_meter.elf.dir/Core/Src/main.c.obj
 .debug_rnglists
                0x00000032       0x13 CMakeFiles/power_meter.elf.dir/Core/Src/stm32f1xx_hal_msp.c.obj
 .debug_rnglists
                0x00000045       0x43 CMakeFiles/power_meter.elf.dir/Core/Src/stm32f1xx_it.c.obj
 .debug_rnglists
                0x00000088       0x1a CMakeFiles/power_meter.elf.dir/Core/Src/system_stm32f1xx.c.obj
 .debug_rnglists
                0x000000a2       0x19 CMakeFiles/power_meter.elf.dir/Core/Startup/startup_stm32f103c8tx.s.obj
 .debug_rnglists
                0x000000bb       0xa3 CMakeFiles/power_meter.elf.dir/Drivers/STM32F1xx_HAL_Driver/Src/stm32f1xx_hal.c.obj
 .debug_rnglists
                0x0000015e       0x8b CMakeFiles/power_meter.elf.dir/Drivers/STM32F1xx_HAL_Driver/Src/stm32f1xx_hal_cortex.c.obj
 .debug_rnglists
                0x000001e9       0x3f CMakeFiles/power_meter.elf.dir/Drivers/STM32F1xx_HAL_Driver/Src/stm32f1xx_hal_gpio.c.obj
 .debug_rnglists
                0x00000228       0x7d CMakeFiles/power_meter.elf.dir/Drivers/STM32F1xx_HAL_Driver/Src/stm32f1xx_hal_rcc.c.obj

.debug_line     0x00000000     0x2ae3
 .debug_line    0x00000000      0x20e CMakeFiles/power_meter.elf.dir/Core/Src/gpio.c.obj
 .debug_line    0x0000020e      0x389 CMakeFiles/power_meter.elf.dir/Core/Src/main.c.obj
 .debug_line    0x00000597      0x19b CMakeFiles/power_meter.elf.dir/Core/Src/stm32f1xx_hal_msp.c.obj
 .debug_line    0x00000732      0x179 CMakeFiles/power_meter.elf.dir/Core/Src/stm32f1xx_it.c.obj
 .debug_line    0x000008ab      0x263 CMakeFiles/power_meter.elf.dir/Core/Src/system_stm32f1xx.c.obj
 .debug_line    0x00000b0e       0x78 CMakeFiles/power_meter.elf.dir/Core/Startup/startup_stm32f103c8tx.s.obj
 .debug_line    0x00000b86      0x588 CMakeFiles/power_meter.elf.dir/Drivers/STM32F1xx_HAL_Driver/Src/stm32f1xx_hal.c.obj
 .debug_line    0x0000110e      0x6e3 CMakeFiles/power_meter.elf.dir/Drivers/STM32F1xx_HAL_Driver/Src/stm32f1xx_hal_cortex.c.obj
 .debug_line    0x000017f1      0x60c CMakeFiles/power_meter.elf.dir/Drivers/STM32F1xx_HAL_Driver/Src/stm32f1xx_hal_gpio.c.obj
 .debug_line    0x00001dfd      0xce6 CMakeFiles/power_meter.elf.dir/Drivers/STM32F1xx_HAL_Driver/Src/stm32f1xx_hal_rcc.c.obj

.debug_str      0x00000000     0x13c4
 .debug_str     0x00000000     0x13c4 CMakeFiles/power_meter.elf.dir/Core/Src/gpio.c.obj
                                0x2b5 (size before relaxing)
 .debug_str     0x000013c4      0x3d4 CMakeFiles/power_meter.elf.dir/Core/Src/main.c.obj
 .debug_str     0x000013c4      0x249 CMakeFiles/power_meter.elf.dir/Core/Src/stm32f1xx_hal_msp.c.obj
 .debug_str     0x000013c4      0x24c CMakeFiles/power_meter.elf.dir/Core/Src/stm32f1xx_it.c.obj
 .debug_str     0x000013c4      0x27e CMakeFiles/power_meter.elf.dir/Core/Src/system_stm32f1xx.c.obj
 .debug_str     0x000013c4       0x8f CMakeFiles/power_meter.elf.dir/Core/Startup/startup_stm32f103c8tx.s.obj
 .debug_str     0x000013c4      0x858 CMakeFiles/power_meter.elf.dir/Drivers/STM32F1xx_HAL_Driver/Src/stm32f1xx_hal.c.obj
 .debug_str     0x000013c4      0x8fd CMakeFiles/power_meter.elf.dir/Drivers/STM32F1xx_HAL_Driver/Src/stm32f1xx_hal_cortex.c.obj
 .debug_str     0x000013c4      0x42a CMakeFiles/power_meter.elf.dir/Drivers/STM32F1xx_HAL_Driver/Src/stm32f1xx_hal_gpio.c.obj
 .debug_str     0x000013c4      0x655 CMakeFiles/power_meter.elf.dir/Drivers/STM32F1xx_HAL_Driver/Src/stm32f1xx_hal_rcc.c.obj

.comment        0x00000000       0x45
 .comment       0x00000000       0x45 CMakeFiles/power_meter.elf.dir/Core/Src/gpio.c.obj
                                 0x46 (size before relaxing)
 .comment       0x00000045       0x46 CMakeFiles/power_meter.elf.dir/Core/Src/main.c.obj
 .comment       0x00000045       0x46 CMakeFiles/power_meter.elf.dir/Core/Src/stm32f1xx_hal_msp.c.obj
 .comment       0x00000045       0x46 CMakeFiles/power_meter.elf.dir/Core/Src/stm32f1xx_it.c.obj
 .comment       0x00000045       0x46 CMakeFiles/power_meter.elf.dir/Core/Src/system_stm32f1xx.c.obj
 .comment       0x00000045       0x46 CMakeFiles/power_meter.elf.dir/Drivers/STM32F1xx_HAL_Driver/Src/stm32f1xx_hal.c.obj
 .comment       0x00000045       0x46 CMakeFiles/power_meter.elf.dir/Drivers/STM32F1xx_HAL_Driver/Src/stm32f1xx_hal_cortex.c.obj
 .comment       0x00000045       0x46 CMakeFiles/power_meter.elf.dir/Drivers/STM32F1xx_HAL_Driver/Src/stm32f1xx_hal_gpio.c.obj
 .comment       0x00000045       0x46 CMakeFiles/power_meter.elf.dir/Drivers/STM32F1xx_HAL_Driver/Src/stm32f1xx_hal_rcc.c.obj

.debug_frame    0x00000000      0x944
 .debug_frame   0x00000000       0x30 CMakeFiles/power_meter.elf.dir/Core/Src/gpio.c.obj
 .debug_frame   0x00000030       0x58 CMakeFiles/power_meter.elf.dir/Core/Src/main.c.obj
 .debug_frame   0x00000088       0x28 CMakeFiles/power_meter.elf.dir/Core/Src/stm32f1xx_hal_msp.c.obj
 .debug_frame   0x000000b0       0xa8 CMakeFiles/power_meter.elf.dir/Core/Src/stm32f1xx_it.c.obj
 .debug_frame   0x00000158       0x30 CMakeFiles/power_meter.elf.dir/Core/Src/system_stm32f1xx.c.obj
 .debug_frame   0x00000188      0x1cc CMakeFiles/power_meter.elf.dir/Drivers/STM32F1xx_HAL_Driver/Src/stm32f1xx_hal.c.obj
 .debug_frame   0x00000354      0x19c CMakeFiles/power_meter.elf.dir/Drivers/STM32F1xx_HAL_Driver/Src/stm32f1xx_hal_cortex.c.obj
 .debug_frame   0x000004f0       0xe4 CMakeFiles/power_meter.elf.dir/Drivers/STM32F1xx_HAL_Driver/Src/stm32f1xx_hal_gpio.c.obj
 .debug_frame   0x000005d4      0x184 CMakeFiles/power_meter.elf.dir/Drivers/STM32F1xx_HAL_Driver/Src/stm32f1xx_hal_rcc.c.obj
 .debug_frame   0x00000758       0x2c C:/CLionToolchains/gcc-arm-none-eabi-10.3-2021.10/bin/../lib/gcc/arm-none-eabi/13.3.1/thumb/v7-m/nofp\libg.a(libc_a-memset.o)
 .debug_frame   0x00000784       0x2c C:/CLionToolchains/gcc-arm-none-eabi-10.3-2021.10/bin/../lib/gcc/arm-none-eabi/13.3.1/thumb/v7-m/nofp\libg.a(libc_a-init.o)
 .debug_frame   0x000007b0       0xb0 C:/CLionToolchains/gcc-arm-none-eabi-10.3-2021.10/bin/../lib/gcc/arm-none-eabi/13.3.1/thumb/v7-m/nofp\libg.a(libc_a-lock.o)
 .debug_frame   0x00000860       0x5c C:/CLionToolchains/gcc-arm-none-eabi-10.3-2021.10/bin/../lib/gcc/arm-none-eabi/13.3.1/thumb/v7-m/nofp\libg.a(libc_a-__call_atexit.o)
 .debug_frame   0x000008bc       0x20 C:/CLionToolchains/gcc-arm-none-eabi-10.3-2021.10/bin/../lib/gcc/arm-none-eabi/13.3.1/thumb/v7-m/nofp\libg.a(libc_a-atexit.o)
 .debug_frame   0x000008dc       0x34 C:/CLionToolchains/gcc-arm-none-eabi-10.3-2021.10/bin/../lib/gcc/arm-none-eabi/13.3.1/thumb/v7-m/nofp\libg.a(libc_a-fini.o)
 .debug_frame   0x00000910       0x34 C:/CLionToolchains/gcc-arm-none-eabi-10.3-2021.10/bin/../lib/gcc/arm-none-eabi/13.3.1/thumb/v7-m/nofp\libg.a(libc_a-__atexit.o)

.debug_loclists
                0x00000000      0xe25
 .debug_loclists
                0x00000000       0x17 CMakeFiles/power_meter.elf.dir/Core/Src/stm32f1xx_hal_msp.c.obj
 .debug_loclists
                0x00000017       0xb7 CMakeFiles/power_meter.elf.dir/Core/Src/system_stm32f1xx.c.obj
 .debug_loclists
                0x000000ce       0xe1 CMakeFiles/power_meter.elf.dir/Drivers/STM32F1xx_HAL_Driver/Src/stm32f1xx_hal.c.obj
 .debug_loclists
                0x000001af      0x530 CMakeFiles/power_meter.elf.dir/Drivers/STM32F1xx_HAL_Driver/Src/stm32f1xx_hal_cortex.c.obj
 .debug_loclists
                0x000006df      0x318 CMakeFiles/power_meter.elf.dir/Drivers/STM32F1xx_HAL_Driver/Src/stm32f1xx_hal_gpio.c.obj
 .debug_loclists
                0x000009f7      0x42e CMakeFiles/power_meter.elf.dir/Drivers/STM32F1xx_HAL_Driver/Src/stm32f1xx_hal_rcc.c.obj

.debug_line_str
                0x00000000       0x73
 .debug_line_str
                0x00000000       0x73 CMakeFiles/power_meter.elf.dir/Core/Startup/startup_stm32f103c8tx.s.obj
