C51 COMPILER V9.60.0.0   DS18B20                                                           03/29/2021 09:04:12 PAGE 1   


C51 COMPILER V9.60.0.0, COMPILATION OF MODULE DS18B20
OBJECT MODULE PLACED IN .\Output\ds18b20.obj
COMPILER INVOKED BY: D:\Software\KeilC51\C51\BIN\C51.EXE Code\DS18B20\ds18b20.c OPTIMIZE(8,SPEED) BROWSE INCDIR(.\Includ
                    -e;.\Code\HX711;.\Code\KEY;.\Code\ADC;.\Code\DS18B20) DEFINE(FOSC_160000) DEBUG OBJECTEXTEND PRINT(.\LST\ds18b20.lst) TAB
                    -S(2) OBJECT(.\Output\ds18b20.obj)

line level    source

   1          #include "ds18b20.h"
   2          
   3          
   4          void Delay_OneWire(unsigned int t)
   5          {
   6   1       int i;
   7   1              while(t--)
   8   1       {
   9   2             for(i=0;i<12;i++);
  10   2       }
  11   1      }
  12          
  13          bit Init_DS18B20(void)
  14          {
  15   1        bit initflag = 0; 
  16   1        DQ = 1;      //首先将数据线置高
  17   1        Delay_OneWire(12);  //短暂延时
  18   1        DQ = 0;      //将数据线拉到低电平
  19   1        Delay_OneWire(80);    //延时在480~960US之间
  20   1        DQ = 1;                     //数据线拉回高电平
  21   1        Delay_OneWire(10);  // 延时等待
  22   1        initflag = DQ;     // initflag等于1初始化失败
  23   1        Delay_OneWire(5);     //最后一个延时
  24   1        return initflag;
  25   1      }
  26          
  27          
  28          
  29          //向DS18B20写一个字节
  30          
  31          void Write_DS18B20(unsigned char dat)
  32          {
  33   1       unsigned char i;
  34   1       for(i=0;i<8;i++)    //重复直到发送完整个字节
  35   1       {
  36   2       DQ = 0;  //数据线首先拉低
  37   2       DQ = dat&0x01;
  38   2       Delay_OneWire(5);  //延时45us
  39   2       DQ = 1;    //将数据线拉回高电平1
  40   2       dat >>= 1;
  41   2       }
  42   1       Delay_OneWire(5);
  43   1      
  44   1      }
  45          
  46          
  47          //从DS18B20读取一个字节
  48          
  49          unsigned char Read_DS18B20(void)
  50          {
  51   1       int i;
  52   1       unsigned char dat; 
  53   1       for(i=0;i<8;i++)    //重复接收直到读完整个字节
C51 COMPILER V9.60.0.0   DS18B20                                                           03/29/2021 09:04:12 PAGE 2   

  54   1       {
  55   2       DQ = 0;   //数据线拉低
  56   2       dat >>= 1;
  57   2       DQ = 1;   //数据线拉高
  58   2       if(DQ)
  59   2       {
  60   3       dat |= 0x80;
  61   3       }     
  62   2       Delay_OneWire(5);
  63   2       }
  64   1       return dat;
  65   1      }
  66          
  67          
  68          uint8_t Read_tem(void)
  69          {
  70   1         unsigned char low,high;
  71   1        uint16_t temp;
  72   1         Init_DS18B20();       
  73   1         Write_DS18B20(0xCC);  //忽略64位ROM地址，直接向DS18B20发送温度变换命令，适用于一个从机工作
  74   1         Write_DS18B20(0x44);   //温度转换
  75   1         Delay_OneWire(200);
  76   1      
  77   1      
  78   1         Init_DS18B20();
  79   1         Write_DS18B20(0xCC);   
  80   1         Write_DS18B20(0xBE);   //读取温度数据
  81   1      
  82   1      
  83   1         low = Read_DS18B20();    //低八位
  84   1         high = Read_DS18B20();   //高八位
  85   1        
  86   1         temp = high<<4;           //整合成一个字节
  87   1         temp |= (low>>4);
  88   1        
  89   1         return temp;
  90   1      }
  91          
  92          
  93          
  94          
  95          
  96          
  97          
  98          


MODULE INFORMATION:   STATIC OVERLAYABLE
   CODE SIZE        =    200    ----
   CONSTANT SIZE    =   ----    ----
   XDATA SIZE       =   ----    ----
   PDATA SIZE       =   ----    ----
   DATA SIZE        =   ----    ----
   IDATA SIZE       =   ----    ----
   BIT SIZE         =   ----       1
END OF MODULE INFORMATION.


C51 COMPILATION COMPLETE.  0 WARNING(S),  0 ERROR(S)
